../Core/Src/main.c:83:5:main	32	static
../Core/Src/main.c:188:6:SystemClock_Config	120	static
../Core/Src/main.c:251:13:MX_SPI1_Init	8	static
../Core/Src/main.c:299:13:MX_USART3_UART_Init	8	static
../Core/Src/main.c:347:13:MX_USB_OTG_HS_USB_Init	4	static
../Core/Src/main.c:368:13:MX_GPIO_Init	64	static
../Core/Src/main.c:464:16:platform_write	24	static
../Core/Src/main.c:483:16:platform_read	24	static
../Core/Src/main.c:500:13:tx_com	16	static
../Core/Src/main.c:511:13:platform_delay	16	static
../Core/Src/main.c:522:6:Error_Handler	4	static,ignoring_inline_asm
