Archive member included to satisfy reference by file (symbol)

C:/ST/STM32CubeIDE_1.15.0/STM32CubeIDE/plugins/com.st.stm32cube.ide.mcu.externaltools.gnu-tools-for-stm32.12.3.rel1.win32_1.0.100.202403111256/tools/bin/../lib/gcc/arm-none-eabi/12.3.1/../../../../arm-none-eabi/lib/thumb/v7e-m+dp/hard\libc_nano.a(libc_a-atoi.o)
                              ./Core/Src/main.o (atoi)
C:/ST/STM32CubeIDE_1.15.0/STM32CubeIDE/plugins/com.st.stm32cube.ide.mcu.externaltools.gnu-tools-for-stm32.12.3.rel1.win32_1.0.100.202403111256/tools/bin/../lib/gcc/arm-none-eabi/12.3.1/../../../../arm-none-eabi/lib/thumb/v7e-m+dp/hard\libc_nano.a(libc_a-exit.o)
                              C:/ST/STM32CubeIDE_1.15.0/STM32CubeIDE/plugins/com.st.stm32cube.ide.mcu.externaltools.gnu-tools-for-stm32.12.3.rel1.win32_1.0.100.202403111256/tools/bin/../lib/gcc/arm-none-eabi/12.3.1/../../../../arm-none-eabi/lib/thumb/v7e-m+dp/hard/crt0.o (exit)
C:/ST/STM32CubeIDE_1.15.0/STM32CubeIDE/plugins/com.st.stm32cube.ide.mcu.externaltools.gnu-tools-for-stm32.12.3.rel1.win32_1.0.100.202403111256/tools/bin/../lib/gcc/arm-none-eabi/12.3.1/../../../../arm-none-eabi/lib/thumb/v7e-m+dp/hard\libc_nano.a(libc_a-strtol.o)
                              C:/ST/STM32CubeIDE_1.15.0/STM32CubeIDE/plugins/com.st.stm32cube.ide.mcu.externaltools.gnu-tools-for-stm32.12.3.rel1.win32_1.0.100.202403111256/tools/bin/../lib/gcc/arm-none-eabi/12.3.1/../../../../arm-none-eabi/lib/thumb/v7e-m+dp/hard\libc_nano.a(libc_a-atoi.o) (_strtol_r)
C:/ST/STM32CubeIDE_1.15.0/STM32CubeIDE/plugins/com.st.stm32cube.ide.mcu.externaltools.gnu-tools-for-stm32.12.3.rel1.win32_1.0.100.202403111256/tools/bin/../lib/gcc/arm-none-eabi/12.3.1/../../../../arm-none-eabi/lib/thumb/v7e-m+dp/hard\libc_nano.a(libc_a-ctype_.o)
                              C:/ST/STM32CubeIDE_1.15.0/STM32CubeIDE/plugins/com.st.stm32cube.ide.mcu.externaltools.gnu-tools-for-stm32.12.3.rel1.win32_1.0.100.202403111256/tools/bin/../lib/gcc/arm-none-eabi/12.3.1/../../../../arm-none-eabi/lib/thumb/v7e-m+dp/hard\libc_nano.a(libc_a-strtol.o) (_ctype_)
C:/ST/STM32CubeIDE_1.15.0/STM32CubeIDE/plugins/com.st.stm32cube.ide.mcu.externaltools.gnu-tools-for-stm32.12.3.rel1.win32_1.0.100.202403111256/tools/bin/../lib/gcc/arm-none-eabi/12.3.1/../../../../arm-none-eabi/lib/thumb/v7e-m+dp/hard\libc_nano.a(libc_a-findfp.o)
                              C:/ST/STM32CubeIDE_1.15.0/STM32CubeIDE/plugins/com.st.stm32cube.ide.mcu.externaltools.gnu-tools-for-stm32.12.3.rel1.win32_1.0.100.202403111256/tools/bin/../lib/gcc/arm-none-eabi/12.3.1/../../../../arm-none-eabi/lib/thumb/v7e-m+dp/hard\libc_nano.a(libc_a-exit.o) (__stdio_exit_handler)
C:/ST/STM32CubeIDE_1.15.0/STM32CubeIDE/plugins/com.st.stm32cube.ide.mcu.externaltools.gnu-tools-for-stm32.12.3.rel1.win32_1.0.100.202403111256/tools/bin/../lib/gcc/arm-none-eabi/12.3.1/../../../../arm-none-eabi/lib/thumb/v7e-m+dp/hard\libc_nano.a(libc_a-fwalk.o)
                              C:/ST/STM32CubeIDE_1.15.0/STM32CubeIDE/plugins/com.st.stm32cube.ide.mcu.externaltools.gnu-tools-for-stm32.12.3.rel1.win32_1.0.100.202403111256/tools/bin/../lib/gcc/arm-none-eabi/12.3.1/../../../../arm-none-eabi/lib/thumb/v7e-m+dp/hard\libc_nano.a(libc_a-findfp.o) (_fwalk_sglue)
C:/ST/STM32CubeIDE_1.15.0/STM32CubeIDE/plugins/com.st.stm32cube.ide.mcu.externaltools.gnu-tools-for-stm32.12.3.rel1.win32_1.0.100.202403111256/tools/bin/../lib/gcc/arm-none-eabi/12.3.1/../../../../arm-none-eabi/lib/thumb/v7e-m+dp/hard\libc_nano.a(libc_a-sprintf.o)
                              ./Core/Src/main.o (sprintf)
C:/ST/STM32CubeIDE_1.15.0/STM32CubeIDE/plugins/com.st.stm32cube.ide.mcu.externaltools.gnu-tools-for-stm32.12.3.rel1.win32_1.0.100.202403111256/tools/bin/../lib/gcc/arm-none-eabi/12.3.1/../../../../arm-none-eabi/lib/thumb/v7e-m+dp/hard\libc_nano.a(libc_a-stdio.o)
                              C:/ST/STM32CubeIDE_1.15.0/STM32CubeIDE/plugins/com.st.stm32cube.ide.mcu.externaltools.gnu-tools-for-stm32.12.3.rel1.win32_1.0.100.202403111256/tools/bin/../lib/gcc/arm-none-eabi/12.3.1/../../../../arm-none-eabi/lib/thumb/v7e-m+dp/hard\libc_nano.a(libc_a-findfp.o) (__sread)
C:/ST/STM32CubeIDE_1.15.0/STM32CubeIDE/plugins/com.st.stm32cube.ide.mcu.externaltools.gnu-tools-for-stm32.12.3.rel1.win32_1.0.100.202403111256/tools/bin/../lib/gcc/arm-none-eabi/12.3.1/../../../../arm-none-eabi/lib/thumb/v7e-m+dp/hard\libc_nano.a(libc_a-memset.o)
                              C:/ST/STM32CubeIDE_1.15.0/STM32CubeIDE/plugins/com.st.stm32cube.ide.mcu.externaltools.gnu-tools-for-stm32.12.3.rel1.win32_1.0.100.202403111256/tools/bin/../lib/gcc/arm-none-eabi/12.3.1/../../../../arm-none-eabi/lib/thumb/v7e-m+dp/hard/crt0.o (memset)
C:/ST/STM32CubeIDE_1.15.0/STM32CubeIDE/plugins/com.st.stm32cube.ide.mcu.externaltools.gnu-tools-for-stm32.12.3.rel1.win32_1.0.100.202403111256/tools/bin/../lib/gcc/arm-none-eabi/12.3.1/../../../../arm-none-eabi/lib/thumb/v7e-m+dp/hard\libc_nano.a(libc_a-closer.o)
[...]
Memory Configuration

Name             Origin             Length             Attributes
ITCMRAM          0x00000000         0x00010000         xrw
FLASH            0x08000000         0x00200000         xr
DTCMRAM1         0x20000000         0x00010000         xrw
DTCMRAM2         0x20010000         0x00010000         xrw
RAM              0x24000000         0x00100000         xrw
RAM_CD           0x30000000         0x00020000         xrw
RAM_SRD          0x38000000         0x00008000         xrw
*default*        0x00000000         0xffffffff

Linker script and memory map

LOAD C:/ST/STM32CubeIDE_1.15.0/STM32CubeIDE/plugins/com.st.stm32cube.ide.mcu.externaltools.gnu-tools-for-stm32.12.3.rel1.win32_1.0.100.202403111256/tools/bin/../lib/gcc/arm-none-eabi/12.3.1/thumb/v7e-m+dp/hard/crti.o
LOAD C:/ST/STM32CubeIDE_1.15.0/STM32CubeIDE/plugins/com.st.stm32cube.ide.mcu.externaltools.gnu-tools-for-stm32.12.3.rel1.win32_1.0.100.202403111256/tools/bin/../lib/gcc/arm-none-eabi/12.3.1/thumb/v7e-m+dp/hard/crtbegin.o
LOAD C:/ST/STM32CubeIDE_1.15.0/STM32CubeIDE/plugins/com.st.stm32cube.ide.mcu.externaltools.gnu-tools-for-stm32.12.3.rel1.win32_1.0.100.202403111256/tools/bin/../lib/gcc/arm-none-eabi/12.3.1/../../../../arm-none-eabi/lib/thumb/v7e-m+dp/hard/crt0.o
LOAD ./Core/Src/fatfs_sd.o
LOAD ./Core/Src/main.o
LOAD ./Core/Src/stm32h7xx_hal_msp.o
LOAD ./Core/Src/stm32h7xx_it.o
LOAD ./Core/Src/syscalls.o
LOAD ./Core/Src/sysmem.o
LOAD ./Core/Src/system_stm32h7xx.o
LOAD ./Core/Startup/startup_stm32h7a3zitxq.o
LOAD ./Drivers/STM32H7xx_HAL_Driver/Src/stm32h7xx_hal.o
LOAD ./Drivers/STM32H7xx_HAL_Driver/Src/stm32h7xx_hal_cortex.o
LOAD ./Drivers/STM32H7xx_HAL_Driver/Src/stm32h7xx_hal_dma.o
LOAD ./Drivers/STM32H7xx_HAL_Driver/Src/stm32h7xx_hal_dma_ex.o
LOAD ./Drivers/STM32H7xx_HAL_Driver/Src/stm32h7xx_hal_exti.o
LOAD ./Drivers/STM32H7xx_HAL_Driver/Src/stm32h7xx_hal_flash.o
LOAD ./Drivers/STM32H7xx_HAL_Driver/Src/stm32h7xx_hal_flash_ex.o
LOAD ./Drivers/STM32H7xx_HAL_Driver/Src/stm32h7xx_hal_gpio.o
LOAD ./Drivers/STM32H7xx_HAL_Driver/Src/stm32h7xx_hal_hsem.o
LOAD ./Drivers/STM32H7xx_HAL_Driver/Src/stm32h7xx_hal_i2c.o
LOAD ./Drivers/STM32H7xx_HAL_Driver/Src/stm32h7xx_hal_i2c_ex.o
LOAD ./Drivers/STM32H7xx_HAL_Driver/Src/stm32h7xx_hal_mdma.o
LOAD ./Drivers/STM32H7xx_HAL_Driver/Src/stm32h7xx_hal_pwr.o
LOAD ./Drivers/STM32H7xx_HAL_Driver/Src/stm32h7xx_hal_pwr_ex.o
LOAD ./Drivers/STM32H7xx_HAL_Driver/Src/stm32h7xx_hal_rcc.o
LOAD ./Drivers/STM32H7xx_HAL_Driver/Src/stm32h7xx_hal_rcc_ex.o
LOAD ./Drivers/STM32H7xx_HAL_Driver/Src/stm32h7xx_hal_spi.o
LOAD ./Drivers/STM32H7xx_HAL_Driver/Src/stm32h7xx_hal_spi_ex.o
LOAD ./Drivers/STM32H7xx_HAL_Driver/Src/stm32h7xx_hal_tim.o
LOAD ./Drivers/STM32H7xx_HAL_Driver/Src/stm32h7xx_hal_tim_ex.o
LOAD ./Drivers/STM32H7xx_HAL_Driver/Src/stm32h7xx_hal_uart.o
LOAD ./Drivers/STM32H7xx_HAL_Driver/Src/stm32h7xx_hal_uart_ex.o
LOAD ./FATFS/App/fatfs.o
LOAD ./FATFS/Target/user_diskio.o
LOAD ./Middlewares/Third_Party/FatFs/src/diskio.o
LOAD ./Middlewares/Third_Party/FatFs/src/ff.o
LOAD ./Middlewares/Third_Party/FatFs/src/ff_gen_drv.o
LOAD ./Middlewares/Third_Party/FatFs/src/option/ccsbcs.o
LOAD ./Middlewares/Third_Party/FatFs/src/option/syscall.o
START GROUP
LOAD C:/ST/STM32CubeIDE_1.15.0/STM32CubeIDE/plugins/com.st.stm32cube.ide.mcu.externaltools.gnu-tools-for-stm32.12.3.rel1.win32_1.0.100.202403111256/tools/bin/../lib/gcc/arm-none-eabi/12.3.1/../../../../arm-none-eabi/lib/thumb/v7e-m+dp/hard\libc_nano.a
LOAD C:/ST/STM32CubeIDE_1.15.0/STM32CubeIDE/plugins/com.st.stm32cube.ide.mcu.externaltools.gnu-tools-for-stm32.12.3.rel1.win32_1.0.100.202403111256/tools/bin/../lib/gcc/arm-none-eabi/12.3.1/../../../../arm-none-eabi/lib/thumb/v7e-m+dp/hard\libm.a
END GROUP
START GROUP
LOAD C:/ST/STM32CubeIDE_1.15.0/STM32CubeIDE/plugins/com.st.stm32cube.ide.mcu.externaltools.gnu-tools-for-stm32.12.3.rel1.win32_1.0.100.202403111256/tools/bin/../lib/gcc/arm-none-eabi/12.3.1/thumb/v7e-m+dp/hard\libgcc.a
LOAD C:/ST/STM32CubeIDE_1.15.0/STM32CubeIDE/plugins/com.st.stm32cube.ide.mcu.externaltools.gnu-tools-for-stm32.12.3.rel1.win32_1.0.100.202403111256/tools/bin/../lib/gcc/arm-none-eabi/12.3.1/../../../../arm-none-eabi/lib/thumb/v7e-m+dp/hard\libc_nano.a
END GROUP
START GROUP
LOAD C:/ST/STM32CubeIDE_1.15.0/STM32CubeIDE/plugins/com.st.stm32cube.ide.mcu.externaltools.gnu-tools-for-stm32.12.3.rel1.win32_1.0.100.202403111256/tools/bin/../lib/gcc/arm-none-eabi/12.3.1/thumb/v7e-m+dp/hard\libgcc.a
LOAD C:/ST/STM32CubeIDE_1.15.0/STM32CubeIDE/plugins/com.st.stm32cube.ide.mcu.externaltools.gnu-tools-for-stm32.12.3.rel1.win32_1.0.100.202403111256/tools/bin/../lib/gcc/arm-none-eabi/12.3.1/../../../../arm-none-eabi/lib/thumb/v7e-m+dp/hard\libc_nano.a
LOAD C:/ST/STM32CubeIDE_1.15.0/STM32CubeIDE/plugins/com.st.stm32cube.ide.mcu.externaltools.gnu-tools-for-stm32.12.3.rel1.win32_1.0.100.202403111256/tools/bin/../lib/gcc/arm-none-eabi/12.3.1/../../../../arm-none-eabi/lib/thumb/v7e-m+dp/hard\libnosys.a
END GROUP
START GROUP
LOAD C:/ST/STM32CubeIDE_1.15.0/STM32CubeIDE/plugins/com.st.stm32cube.ide.mcu.externaltools.gnu-tools-for-stm32.12.3.rel1.win32_1.0.100.202403111256/tools/bin/../lib/gcc/arm-none-eabi/12.3.1/thumb/v7e-m+dp/hard\libgcc.a
LOAD C:/ST/STM32CubeIDE_1.15.0/STM32CubeIDE/plugins/com.st.stm32cube.ide.mcu.externaltools.gnu-tools-for-stm32.12.3.rel1.win32_1.0.100.202403111256/tools/bin/../lib/gcc/arm-none-eabi/12.3.1/../../../../arm-none-eabi/lib/thumb/v7e-m+dp/hard\libc_nano.a
LOAD C:/ST/STM32CubeIDE_1.15.0/STM32CubeIDE/plugins/com.st.stm32cube.ide.mcu.externaltools.gnu-tools-for-stm32.12.3.rel1.win32_1.0.100.202403111256/tools/bin/../lib/gcc/arm-none-eabi/12.3.1/../../../../arm-none-eabi/lib/thumb/v7e-m+dp/hard\libnosys.a
END GROUP
LOAD C:/ST/STM32CubeIDE_1.15.0/STM32CubeIDE/plugins/com.st.stm32cube.ide.mcu.externaltools.gnu-tools-for-stm32.12.3.rel1.win32_1.0.100.202403111256/tools/bin/../lib/gcc/arm-none-eabi/12.3.1/thumb/v7e-m+dp/hard/crtend.o
LOAD C:/ST/STM32CubeIDE_1.15.0/STM32CubeIDE/plugins/com.st.stm32cube.ide.mcu.externaltools.gnu-tools-for-stm32.12.3.rel1.win32_1.0.100.202403111256/tools/bin/../lib/gcc/arm-none-eabi/12.3.1/thumb/v7e-m+dp/hard/crtn.o
                0x24100000                        _estack = (ORIGIN (RAM) + LENGTH (RAM))
                0x00000200                        _Min_Heap_Size = 0x200
                0x00000400                        _Min_Stack_Size = 0x400

.isr_vector     0x08000000      0x2ac
                0x08000000                        . = ALIGN (0x4)
 *(.isr_vector)
 .isr_vector    0x08000000      0x2ac ./Core/Startup/startup_stm32h7a3zitxq.o
                0x08000000                g_pfnVectors
                0x080002ac                        . = ALIGN (0x4)

.text           0x080002b0     0xd5e4
                0x080002b0                        . = ALIGN (0x4)
 *(.text)
 .text          0x080002b0       0x40 C:/ST/STM32CubeIDE_1.15.0/STM32CubeIDE/plugins/com.st.stm32cube.ide.mcu.externaltools.gnu-tools-for-stm32.12.3.rel1.win32_1.0.100.202403111256/tools/bin/../lib/gcc/arm-none-eabi/12.3.1/thumb/v7e-m+dp/hard/crtbegin.o
 .text          0x080002f0       0x10 C:/ST/STM32CubeIDE_1.15.0/STM32CubeIDE/plugins/com.st.stm32cube.ide.mcu.externaltools.gnu-tools-for-stm32.12.3.rel1.win32_1.0.100.202403111256/tools/bin/../lib/gcc/arm-none-eabi/12.3.1/../../../../arm-none-eabi/lib/thumb/v7e-m+dp/hard\libc_nano.a(libc_a-strlen.o)
                0x080002f0                strlen
 .text          0x08000300       0xa0 C:/ST/STM32CubeIDE_1.15.0/STM32CubeIDE/plugins/com.st.stm32cube.ide.mcu.externaltools.gnu-tools-for-stm32.12.3.rel1.win32_1.0.100.202403111256/tools/bin/../lib/gcc/arm-none-eabi/12.3.1/../../../../arm-none-eabi/lib/thumb/v7e-m+dp/hard\libc_nano.a(libc_a-memchr.o)
                0x08000300                memchr
 .text          0x080003a0       0x30 C:/ST/STM32CubeIDE_1.15.0/STM32CubeIDE/plugins/com.st.stm32cube.ide.mcu.externaltools.gnu-tools-for-stm32.12.3.rel1.win32_1.0.100.202403111256/tools/bin/../lib/gcc/arm-none-eabi/12.3.1/thumb/v7e-m+dp/hard\libgcc.a(_aeabi_uldivmod.o)
                0x080003a0                __aeabi_uldivmod
 .text          0x080003d0      0x2bc C:/ST/STM32CubeIDE_1.15.0/STM32CubeIDE/plugins/com.st.stm32cube.ide.mcu.externaltools.gnu-tools-for-stm32.12.3.rel1.win32_1.0.100.202403111256/tools/bin/../lib/gcc/arm-none-eabi/12.3.1/thumb/v7e-m+dp/hard\libgcc.a(_udivmoddi4.o)
                0x080003d0                __udivmoddi4
 .text          0x0800068c        0x4 C:/ST/STM32CubeIDE_1.15.0/STM32CubeIDE/plugins/com.st.stm32cube.ide.mcu.externaltools.gnu-tools-for-stm32.12.3.rel1.win32_1.0.100.202403111256/tools/bin/../lib/gcc/arm-none-eabi/12.3.1/thumb/v7e-m+dp/hard\libgcc.a(_dvmd_tls.o)
                0x0800068c                __aeabi_idiv0
                0x0800068c                __aeabi_ldiv0
 *(.text*)
 .text.SELECT   0x08000690       0x1c ./Core/Src/fatfs_sd.o
 .text.DESELECT
                0x080006ac       0x1c ./Core/Src/fatfs_sd.o
 .text.SPI_TxByte
                0x080006c8       0x34 ./Core/Src/fatfs_sd.o
 .text.SPI_TxBuffer
                0x080006fc       0x34 ./Core/Src/fatfs_sd.o
 .text.SPI_RxByte
                0x08000730       0x38 ./Core/Src/fatfs_sd.o
 .text.SPI_RxBytePtr
                0x08000768       0x1c ./Core/Src/fatfs_sd.o
 .text.SD_ReadyWait
                0x08000784       0x34 ./Core/Src/fatfs_sd.o
 .text.SD_PowerOn
                0x080007b8       0x84 ./Core/Src/fatfs_sd.o
 .text.SD_PowerOff
                0x0800083c       0x18 ./Core/Src/fatfs_sd.o
 .text.SD_CheckPower
                0x08000854       0x18 ./Core/Src/fatfs_sd.o
 .text.SD_RxDataBlock
                0x0800086c       0x5c ./Core/Src/fatfs_sd.o
 .text.SD_TxDataBlock
                0x080008c8       0x86 ./Core/Src/fatfs_sd.o
 .text.SD_SendCmd
                0x0800094e       0xa8 ./Core/Src/fatfs_sd.o
 *fill*         0x080009f6        0x2 
 .text.SD_disk_initialize
                0x080009f8      0x1cc ./Core/Src/fatfs_sd.o
                0x080009f8                SD_disk_initialize
 .text.SD_disk_status
                0x08000bc4       0x2c ./Core/Src/fatfs_sd.o
                0x08000bc4                SD_disk_status
 .text.SD_disk_read
                0x08000bf0       0xd4 ./Core/Src/fatfs_sd.o
                0x08000bf0                SD_disk_read
 .text.SD_disk_write
                0x08000cc4      0x108 ./Core/Src/fatfs_sd.o
                0x08000cc4                SD_disk_write
 .text.SD_disk_ioctl
                0x08000dcc      0x254 ./Core/Src/fatfs_sd.o
                0x08000dcc                SD_disk_ioctl
 .text.main     0x08001020      0x360 ./Core/Src/main.o
                0x08001020                main
 .text.SystemClock_Config
                0x08001380       0xe8 ./Core/Src/main.o
                0x08001380                SystemClock_Config
 .text.MX_SPI1_Init
                0x08001468       0xac ./Core/Src/main.o
 .text.MX_USART3_UART_Init
                0x08001514       0x98 ./Core/Src/main.o
 .text.MX_GPIO_Init
                0x080015ac      0x260 ./Core/Src/main.o
 .text.transmit_uart
                0x0800180c       0x2c ./Core/Src/main.o
                0x0800180c                transmit_uart
 .text.HAL_GPIO_EXTI_Callback
                0x08001838       0x88 ./Core/Src/main.o
                0x08001838                HAL_GPIO_EXTI_Callback
 .text.read_update_counter
                0x080018c0      0x108 ./Core/Src/main.o
                0x080018c0                read_update_counter
 .text.Error_Handler
                0x080019c8        0xc ./Core/Src/main.o
                0x080019c8                Error_Handler
 .text.HAL_MspInit
                0x080019d4       0x34 ./Core/Src/stm32h7xx_hal_msp.o
                0x080019d4                HAL_MspInit
 .text.HAL_SPI_MspInit
                0x08001a08       0xd0 ./Core/Src/stm32h7xx_hal_msp.o
                0x08001a08                HAL_SPI_MspInit
 .text.HAL_UART_MspInit
                0x08001ad8       0xd4 ./Core/Src/stm32h7xx_hal_msp.o
                0x08001ad8                HAL_UART_MspInit
 .text.NMI_Handler
                0x08001bac        0x8 ./Core/Src/stm32h7xx_it.o
                0x08001bac                NMI_Handler
 .text.HardFault_Handler
                0x08001bb4        0x8 ./Core/Src/stm32h7xx_it.o
                0x08001bb4                HardFault_Handler
 .text.MemManage_Handler
                0x08001bbc        0x8 ./Core/Src/stm32h7xx_it.o
                0x08001bbc                MemManage_Handler
 .text.BusFault_Handler
                0x08001bc4        0x8 ./Core/Src/stm32h7xx_it.o
                0x08001bc4                BusFault_Handler
 .text.UsageFault_Handler
                0x08001bcc        0x8 ./Core/Src/stm32h7xx_it.o
                0x08001bcc                UsageFault_Handler
 .text.SVC_Handler
                0x08001bd4        0xe ./Core/Src/stm32h7xx_it.o
                0x08001bd4                SVC_Handler
 .text.DebugMon_Handler
                0x08001be2        0xe ./Core/Src/stm32h7xx_it.o
                0x08001be2                DebugMon_Handler
 .text.PendSV_Handler
                0x08001bf0        0xe ./Core/Src/stm32h7xx_it.o
                0x08001bf0                PendSV_Handler
 *fill*         0x08001bfe        0x2 
 .text.SysTick_Handler
                0x08001c00       0x40 ./Core/Src/stm32h7xx_it.o
                0x08001c00                SysTick_Handler
 .text.EXTI9_5_IRQHandler
                0x08001c40        0xe ./Core/Src/stm32h7xx_it.o
                0x08001c40                EXTI9_5_IRQHandler
 .text.EXTI15_10_IRQHandler
                0x08001c4e       0x10 ./Core/Src/stm32h7xx_it.o
                0x08001c4e                EXTI15_10_IRQHandler
 *fill*         0x08001c5e        0x2 
 .text._sbrk    0x08001c60       0x6c ./Core/Src/sysmem.o
                0x08001c60                _sbrk
 .text.SystemInit
                0x08001ccc       0xf0 ./Core/Src/system_stm32h7xx.o
                0x08001ccc                SystemInit
 .text.Reset_Handler
                0x08001dbc       0x50 ./Core/Startup/startup_stm32h7a3zitxq.o
                0x08001dbc                Reset_Handler
 .text.Default_Handler
                0x08001e0c        0x2 ./Core/Startup/startup_stm32h7a3zitxq.o
                0x08001e0c                RTC_Alarm_IRQHandler
                0x08001e0c                EXTI2_IRQHandler
                0x08001e0c                TIM8_CC_IRQHandler
                0x08001e0c                UART8_IRQHandler
                0x08001e0c                BDMA2_Channel1_IRQHandler
                0x08001e0c                SPI4_IRQHandler
                0x08001e0c                BDMA2_Channel0_IRQHandler
                0x08001e0c                TIM1_CC_IRQHandler
                0x08001e0c                DMA2_Stream5_IRQHandler
                0x08001e0c                JPEG_IRQHandler
                0x08001e0c                DMA1_Stream5_IRQHandler
                0x08001e0c                EXTI3_IRQHandler
                0x08001e0c                LPTIM4_IRQHandler
                0x08001e0c                TIM8_TRG_COM_TIM14_IRQHandler
                0x08001e0c                LPTIM2_IRQHandler
                0x08001e0c                DFSDM1_FLT1_IRQHandler
                0x08001e0c                DMAMUX2_OVR_IRQHandler
                0x08001e0c                GFXMMU_IRQHandler
                0x08001e0c                TIM8_UP_TIM13_IRQHandler
                0x08001e0c                I2C3_ER_IRQHandler
                0x08001e0c                DFSDM1_FLT2_IRQHandler
                0x08001e0c                USART10_IRQHandler
                0x08001e0c                MDMA_IRQHandler
                0x08001e0c                LPTIM3_IRQHandler
                0x08001e0c                BDMA2_Channel3_IRQHandler
                0x08001e0c                HSEM1_IRQHandler
                0x08001e0c                EXTI0_IRQHandler
                0x08001e0c                I2C2_EV_IRQHandler
                0x08001e0c                DAC2_IRQHandler
                0x08001e0c                DMA1_Stream2_IRQHandler
                0x08001e0c                FPU_IRQHandler
                0x08001e0c                OTG_HS_WKUP_IRQHandler
                0x08001e0c                FDCAN1_IT1_IRQHandler
                0x08001e0c                LTDC_ER_IRQHandler
                0x08001e0c                DMA2_Stream2_IRQHandler
                0x08001e0c                SPI1_IRQHandler
                0x08001e0c                OCTOSPI1_IRQHandler
                0x08001e0c                TIM6_DAC_IRQHandler
                0x08001e0c                BDMA2_Channel6_IRQHandler
                0x08001e0c                DMA2_Stream3_IRQHandler
                0x08001e0c                OCTOSPI2_IRQHandler
                0x08001e0c                SAI2_IRQHandler
                0x08001e0c                BDMA1_IRQHandler
                0x08001e0c                DFSDM1_FLT3_IRQHandler
                0x08001e0c                USART6_IRQHandler
                0x08001e0c                TIM17_IRQHandler
                0x08001e0c                USART3_IRQHandler
                0x08001e0c                LPTIM5_IRQHandler
                0x08001e0c                UART5_IRQHandler
                0x08001e0c                DMA2_Stream0_IRQHandler
                0x08001e0c                TIM4_IRQHandler
                0x08001e0c                I2C1_EV_IRQHandler
                0x08001e0c                DMA1_Stream6_IRQHandler
                0x08001e0c                DMAMUX1_OVR_IRQHandler
                0x08001e0c                DMA1_Stream1_IRQHandler
                0x08001e0c                TIM16_IRQHandler
                0x08001e0c                UART4_IRQHandler
                0x08001e0c                TIM3_IRQHandler
                0x08001e0c                RCC_IRQHandler
                0x08001e0c                UART9_IRQHandler
                0x08001e0c                TIM8_BRK_TIM12_IRQHandler
                0x08001e0c                TIM1_TRG_COM_IRQHandler
                0x08001e0c                Default_Handler
                0x08001e0c                ECC_IRQHandler
                0x08001e0c                BDMA2_Channel2_IRQHandler
                0x08001e0c                CEC_IRQHandler
                0x08001e0c                DFSDM1_FLT4_IRQHandler
                0x08001e0c                ADC_IRQHandler
                0x08001e0c                DMA1_Stream7_IRQHandler
                0x08001e0c                SPI5_IRQHandler
                0x08001e0c                TIM7_IRQHandler
                0x08001e0c                SDMMC1_IRQHandler
                0x08001e0c                TIM5_IRQHandler
                0x08001e0c                DMA2_Stream7_IRQHandler
                0x08001e0c                TIM15_IRQHandler
                0x08001e0c                I2C3_EV_IRQHandler
                0x08001e0c                DFSDM2_IRQHandler
                0x08001e0c                RTC_WKUP_IRQHandler
                0x08001e0c                LTDC_IRQHandler
                0x08001e0c                SPDIF_RX_IRQHandler
                0x08001e0c                PVD_PVM_IRQHandler
                0x08001e0c                SPI2_IRQHandler
                0x08001e0c                OTG_HS_EP1_IN_IRQHandler
                0x08001e0c                DFSDM1_FLT5_IRQHandler
                0x08001e0c                DMA1_Stream0_IRQHandler
                0x08001e0c                CRS_IRQHandler
                0x08001e0c                EXTI4_IRQHandler
                0x08001e0c                DFSDM1_FLT6_IRQHandler
                0x08001e0c                RNG_IRQHandler
                0x08001e0c                FDCAN2_IT1_IRQHandler
                0x08001e0c                COMP_IRQHandler
                0x08001e0c                TIM1_UP_IRQHandler
                0x08001e0c                OTG_HS_EP1_OUT_IRQHandler
                0x08001e0c                WWDG_IRQHandler
                0x08001e0c                SPI6_IRQHandler
                0x08001e0c                MDIOS_IRQHandler
                0x08001e0c                I2C4_EV_IRQHandler
                0x08001e0c                FDCAN2_IT0_IRQHandler
                0x08001e0c                LPUART1_IRQHandler
                0x08001e0c                FDCAN1_IT0_IRQHandler
                0x08001e0c                TIM2_IRQHandler
                0x08001e0c                BDMA2_Channel5_IRQHandler
                0x08001e0c                OTG_HS_IRQHandler
                0x08001e0c                DMA2D_IRQHandler
                0x08001e0c                TIM1_BRK_IRQHandler
                0x08001e0c                EXTI1_IRQHandler
                0x08001e0c                SDMMC2_IRQHandler
                0x08001e0c                DTS_IRQHandler
                0x08001e0c                UART7_IRQHandler
                0x08001e0c                MDIOS_WKUP_IRQHandler
                0x08001e0c                USART2_IRQHandler
                0x08001e0c                DFSDM1_FLT0_IRQHandler
                0x08001e0c                I2C2_ER_IRQHandler
                0x08001e0c                DMA2_Stream1_IRQHandler
                0x08001e0c                DFSDM1_FLT7_IRQHandler
                0x08001e0c                FLASH_IRQHandler
                0x08001e0c                DMA2_Stream4_IRQHandler
                0x08001e0c                USART1_IRQHandler
                0x08001e0c                SPI3_IRQHandler
                0x08001e0c                WAKEUP_PIN_IRQHandler
                0x08001e0c                DMA1_Stream4_IRQHandler
                0x08001e0c                I2C1_ER_IRQHandler
                0x08001e0c                FMC_IRQHandler
                0x08001e0c                BDMA2_Channel7_IRQHandler
                0x08001e0c                FDCAN_CAL_IRQHandler
                0x08001e0c                SWPMI1_IRQHandler
                0x08001e0c                LPTIM1_IRQHandler
                0x08001e0c                DCMI_PSSI_IRQHandler
                0x08001e0c                I2C4_ER_IRQHandler
                0x08001e0c                DMA2_Stream6_IRQHandler
                0x08001e0c                SAI1_IRQHandler
                0x08001e0c                DMA1_Stream3_IRQHandler
                0x08001e0c                RTC_TAMP_STAMP_CSS_LSE_IRQHandler
                0x08001e0c                BDMA2_Channel4_IRQHandler
 *fill*         0x08001e0e        0x2 
 .text.HAL_Init
                0x08001e10       0x78 ./Drivers/STM32H7xx_HAL_Driver/Src/stm32h7xx_hal.o
                0x08001e10                HAL_Init
 .text.HAL_InitTick
                0x08001e88       0x6c ./Drivers/STM32H7xx_HAL_Driver/Src/stm32h7xx_hal.o
                0x08001e88                HAL_InitTick
 .text.HAL_IncTick
                0x08001ef4       0x28 ./Drivers/STM32H7xx_HAL_Driver/Src/stm32h7xx_hal.o
                0x08001ef4                HAL_IncTick
 .text.HAL_GetTick
                0x08001f1c       0x18 ./Drivers/STM32H7xx_HAL_Driver/Src/stm32h7xx_hal.o
                0x08001f1c                HAL_GetTick
 .text.HAL_Delay
                0x08001f34       0x48 ./Drivers/STM32H7xx_HAL_Driver/Src/stm32h7xx_hal.o
                0x08001f34                HAL_Delay
 .text.__NVIC_SetPriorityGrouping
                0x08001f7c       0x48 ./Drivers/STM32H7xx_HAL_Driver/Src/stm32h7xx_hal_cortex.o
 .text.__NVIC_GetPriorityGrouping
                0x08001fc4       0x1c ./Drivers/STM32H7xx_HAL_Driver/Src/stm32h7xx_hal_cortex.o
 .text.__NVIC_EnableIRQ
                0x08001fe0       0x3c ./Drivers/STM32H7xx_HAL_Driver/Src/stm32h7xx_hal_cortex.o
 .text.__NVIC_SetPriority
                0x0800201c       0x54 ./Drivers/STM32H7xx_HAL_Driver/Src/stm32h7xx_hal_cortex.o
 .text.NVIC_EncodePriority
                0x08002070       0x66 ./Drivers/STM32H7xx_HAL_Driver/Src/stm32h7xx_hal_cortex.o
 *fill*         0x080020d6        0x2 
 .text.SysTick_Config
                0x080020d8       0x44 ./Drivers/STM32H7xx_HAL_Driver/Src/stm32h7xx_hal_cortex.o
 .text.HAL_NVIC_SetPriorityGrouping
                0x0800211c       0x16 ./Drivers/STM32H7xx_HAL_Driver/Src/stm32h7xx_hal_cortex.o
                0x0800211c                HAL_NVIC_SetPriorityGrouping
 .text.HAL_NVIC_SetPriority
                0x08002132       0x34 ./Drivers/STM32H7xx_HAL_Driver/Src/stm32h7xx_hal_cortex.o
                0x08002132                HAL_NVIC_SetPriority
 .text.HAL_NVIC_EnableIRQ
                0x08002166       0x1c ./Drivers/STM32H7xx_HAL_Driver/Src/stm32h7xx_hal_cortex.o
                0x08002166                HAL_NVIC_EnableIRQ
 .text.HAL_SYSTICK_Config
                0x08002182       0x18 ./Drivers/STM32H7xx_HAL_Driver/Src/stm32h7xx_hal_cortex.o
                0x08002182                HAL_SYSTICK_Config
 .text.HAL_SYSTICK_IRQHandler
                0x0800219a        0xc ./Drivers/STM32H7xx_HAL_Driver/Src/stm32h7xx_hal_cortex.o
                0x0800219a                HAL_SYSTICK_IRQHandler
 .text.HAL_SYSTICK_Callback
                0x080021a6        0xe ./Drivers/STM32H7xx_HAL_Driver/Src/stm32h7xx_hal_cortex.o
                0x080021a6                HAL_SYSTICK_Callback
 .text.HAL_GPIO_Init
                0x080021b4      0x360 ./Drivers/STM32H7xx_HAL_Driver/Src/stm32h7xx_hal_gpio.o
                0x080021b4                HAL_GPIO_Init
 .text.HAL_GPIO_WritePin
                0x08002514       0x32 ./Drivers/STM32H7xx_HAL_Driver/Src/stm32h7xx_hal_gpio.o
                0x08002514                HAL_GPIO_WritePin
 .text.HAL_GPIO_TogglePin
                0x08002546       0x34 ./Drivers/STM32H7xx_HAL_Driver/Src/stm32h7xx_hal_gpio.o
                0x08002546                HAL_GPIO_TogglePin
 .text.HAL_GPIO_EXTI_IRQHandler
                0x0800257a       0x34 ./Drivers/STM32H7xx_HAL_Driver/Src/stm32h7xx_hal_gpio.o
                0x0800257a                HAL_GPIO_EXTI_IRQHandler
 *fill*         0x080025ae        0x2 
 .text.HAL_PWREx_ConfigSupply
                0x080025b0       0xb4 ./Drivers/STM32H7xx_HAL_Driver/Src/stm32h7xx_hal_pwr_ex.o
                0x080025b0                HAL_PWREx_ConfigSupply
 .text.HAL_RCC_OscConfig
                0x08002664      0x864 ./Drivers/STM32H7xx_HAL_Driver/Src/stm32h7xx_hal_rcc.o
                0x08002664                HAL_RCC_OscConfig
 .text.HAL_RCC_ClockConfig
                0x08002ec8      0x36c ./Drivers/STM32H7xx_HAL_Driver/Src/stm32h7xx_hal_rcc.o
                0x08002ec8                HAL_RCC_ClockConfig
 .text.HAL_RCC_GetSysClockFreq
                0x08003234      0x2f4 ./Drivers/STM32H7xx_HAL_Driver/Src/stm32h7xx_hal_rcc.o
                0x08003234                HAL_RCC_GetSysClockFreq
 .text.HAL_RCC_GetHCLKFreq
                0x08003528       0x60 ./Drivers/STM32H7xx_HAL_Driver/Src/stm32h7xx_hal_rcc.o
                0x08003528                HAL_RCC_GetHCLKFreq
 .text.HAL_RCC_GetPCLK1Freq
                0x08003588       0x2c ./Drivers/STM32H7xx_HAL_Driver/Src/stm32h7xx_hal_rcc.o
                0x08003588                HAL_RCC_GetPCLK1Freq
 .text.HAL_RCC_GetPCLK2Freq
                0x080035b4       0x2c ./Drivers/STM32H7xx_HAL_Driver/Src/stm32h7xx_hal_rcc.o
                0x080035b4                HAL_RCC_GetPCLK2Freq
 .text.HAL_RCCEx_PeriphCLKConfig
                0x080035e0     0x137c ./Drivers/STM32H7xx_HAL_Driver/Src/stm32h7xx_hal_rcc_ex.o
                0x080035e0                HAL_RCCEx_PeriphCLKConfig
 .text.HAL_RCCEx_GetD3PCLK1Freq
                0x0800495c       0x2c ./Drivers/STM32H7xx_HAL_Driver/Src/stm32h7xx_hal_rcc_ex.o
                0x0800495c                HAL_RCCEx_GetD3PCLK1Freq
 .text.HAL_RCCEx_GetPLL2ClockFreq
                0x08004988      0x2a8 ./Drivers/STM32H7xx_HAL_Driver/Src/stm32h7xx_hal_rcc_ex.o
                0x08004988                HAL_RCCEx_GetPLL2ClockFreq
 .text.HAL_RCCEx_GetPLL3ClockFreq
                0x08004c30      0x2a8 ./Drivers/STM32H7xx_HAL_Driver/Src/stm32h7xx_hal_rcc_ex.o
                0x08004c30                HAL_RCCEx_GetPLL3ClockFreq
 .text.RCCEx_PLL2_Config
                0x08004ed8      0x164 ./Drivers/STM32H7xx_HAL_Driver/Src/stm32h7xx_hal_rcc_ex.o
 .text.RCCEx_PLL3_Config
                0x0800503c      0x164 ./Drivers/STM32H7xx_HAL_Driver/Src/stm32h7xx_hal_rcc_ex.o
 .text.HAL_SPI_Init
                0x080051a0      0x248 ./Drivers/STM32H7xx_HAL_Driver/Src/stm32h7xx_hal_spi.o
                0x080051a0                HAL_SPI_Init
 .text.HAL_SPI_Transmit
                0x080053e8      0x3dc ./Drivers/STM32H7xx_HAL_Driver/Src/stm32h7xx_hal_spi.o
                0x080053e8                HAL_SPI_Transmit
 .text.HAL_SPI_TransmitReceive
                0x080057c4      0x674 ./Drivers/STM32H7xx_HAL_Driver/Src/stm32h7xx_hal_spi.o
                0x080057c4                HAL_SPI_TransmitReceive
 .text.SPI_CloseTransfer
                0x08005e38      0x140 ./Drivers/STM32H7xx_HAL_Driver/Src/stm32h7xx_hal_spi.o
 .text.SPI_WaitOnFlagUntilTimeout
                0x08005f78       0x5c ./Drivers/STM32H7xx_HAL_Driver/Src/stm32h7xx_hal_spi.o
 .text.SPI_GetPacketSize
                0x08005fd4       0x36 ./Drivers/STM32H7xx_HAL_Driver/Src/stm32h7xx_hal_spi.o
 .text.HAL_UART_Init
                0x0800600a       0xa0 ./Drivers/STM32H7xx_HAL_Driver/Src/stm32h7xx_hal_uart.o
                0x0800600a                HAL_UART_Init
 .text.HAL_UART_Transmit
                0x080060aa      0x11c ./Drivers/STM32H7xx_HAL_Driver/Src/stm32h7xx_hal_uart.o
                0x080060aa                HAL_UART_Transmit
 *fill*         0x080061c6        0x2 
 .text.UART_SetConfig
                0x080061c8      0xcd8 ./Drivers/STM32H7xx_HAL_Driver/Src/stm32h7xx_hal_uart.o
                0x080061c8                UART_SetConfig
 .text.UART_AdvFeatureConfig
                0x08006ea0      0x144 ./Drivers/STM32H7xx_HAL_Driver/Src/stm32h7xx_hal_uart.o
                0x08006ea0                UART_AdvFeatureConfig
 .text.UART_CheckIdleState
                0x08006fe4      0x154 ./Drivers/STM32H7xx_HAL_Driver/Src/stm32h7xx_hal_uart.o
                0x08006fe4                UART_CheckIdleState
 .text.UART_WaitOnFlagUntilTimeout
                0x08007138       0xda ./Drivers/STM32H7xx_HAL_Driver/Src/stm32h7xx_hal_uart.o
                0x08007138                UART_WaitOnFlagUntilTimeout
 *fill*         0x08007212        0x2 
 .text.UART_EndRxTransfer
                0x08007214       0xcc ./Drivers/STM32H7xx_HAL_Driver/Src/stm32h7xx_hal_uart.o
 .text.HAL_UARTEx_DisableFifoMode
                0x080072e0       0x72 ./Drivers/STM32H7xx_HAL_Driver/Src/stm32h7xx_hal_uart_ex.o
                0x080072e0                HAL_UARTEx_DisableFifoMode
 .text.HAL_UARTEx_SetTxFifoThreshold
                0x08007352       0x7c ./Drivers/STM32H7xx_HAL_Driver/Src/stm32h7xx_hal_uart_ex.o
                0x08007352                HAL_UARTEx_SetTxFifoThreshold
 .text.HAL_UARTEx_SetRxFifoThreshold
                0x080073ce       0x7c ./Drivers/STM32H7xx_HAL_Driver/Src/stm32h7xx_hal_uart_ex.o
                0x080073ce                HAL_UARTEx_SetRxFifoThreshold
 *fill*         0x0800744a        0x2 
 .text.UARTEx_SetNbDataToProcess
                0x0800744c       0x9c ./Drivers/STM32H7xx_HAL_Driver/Src/stm32h7xx_hal_uart_ex.o
 .text.MX_FATFS_Init
                0x080074e8       0x24 ./FATFS/App/fatfs.o
                0x080074e8                MX_FATFS_Init
 .text.get_fattime
                0x0800750c       0x10 ./FATFS/App/fatfs.o
                0x0800750c                get_fattime
 .text.USER_initialize
                0x0800751c       0x1c ./FATFS/Target/user_diskio.o
                0x0800751c                USER_initialize
 .text.USER_status
                0x08007538       0x1c ./FATFS/Target/user_diskio.o
                0x08007538                USER_status
 .text.USER_read
                0x08007554       0x26 ./FATFS/Target/user_diskio.o
                0x08007554                USER_read
 .text.USER_write
                0x0800757a       0x26 ./FATFS/Target/user_diskio.o
                0x0800757a                USER_write
 .text.USER_ioctl
                0x080075a0       0x26 ./FATFS/Target/user_diskio.o
                0x080075a0                USER_ioctl
 *fill*         0x080075c6        0x2 
 .text.disk_status
                0x080075c8       0x34 ./Middlewares/Third_Party/FatFs/src/diskio.o
                0x080075c8                disk_status
 .text.disk_initialize
                0x080075fc       0x50 ./Middlewares/Third_Party/FatFs/src/diskio.o
                0x080075fc                disk_initialize
 .text.disk_read
                0x0800764c       0x40 ./Middlewares/Third_Party/FatFs/src/diskio.o
                0x0800764c                disk_read
 .text.disk_write
                0x0800768c       0x40 ./Middlewares/Third_Party/FatFs/src/diskio.o
                0x0800768c                disk_write
 .text.disk_ioctl
                0x080076cc       0x3c ./Middlewares/Third_Party/FatFs/src/diskio.o
                0x080076cc                disk_ioctl
 .text.ld_word  0x08007708       0x30 ./Middlewares/Third_Party/FatFs/src/ff.o
 .text.ld_dword
                0x08007738       0x46 ./Middlewares/Third_Party/FatFs/src/ff.o
 .text.ld_qword
                0x0800777e      0x1b6 ./Middlewares/Third_Party/FatFs/src/ff.o
 .text.st_word  0x08007934       0x36 ./Middlewares/Third_Party/FatFs/src/ff.o
 .text.st_dword
                0x0800796a       0x58 ./Middlewares/Third_Party/FatFs/src/ff.o
 .text.st_qword
                0x080079c2      0x110 ./Middlewares/Third_Party/FatFs/src/ff.o
 .text.mem_cpy  0x08007ad2       0x42 ./Middlewares/Third_Party/FatFs/src/ff.o
 .text.mem_set  0x08007b14       0x36 ./Middlewares/Third_Party/FatFs/src/ff.o
 .text.mem_cmp  0x08007b4a       0x4e ./Middlewares/Third_Party/FatFs/src/ff.o
 .text.chk_chr  0x08007b98       0x36 ./Middlewares/Third_Party/FatFs/src/ff.o
 .text.sync_window
                0x08007bce       0x88 ./Middlewares/Third_Party/FatFs/src/ff.o
 .text.move_window
                0x08007c56       0x5a ./Middlewares/Third_Party/FatFs/src/ff.o
 .text.sync_fs  0x08007cb0       0xe0 ./Middlewares/Third_Party/FatFs/src/ff.o
 .text.clust2sect
                0x08007d90       0x3e ./Middlewares/Third_Party/FatFs/src/ff.o
 *fill*         0x08007dce        0x2 
 .text.get_fat  0x08007dd0      0x2a8 ./Middlewares/Third_Party/FatFs/src/ff.o
 .text.put_fat  0x08008078      0x23c ./Middlewares/Third_Party/FatFs/src/ff.o
 .text.find_bitmap
                0x080082b4      0x10e ./Middlewares/Third_Party/FatFs/src/ff.o
 .text.change_bitmap
                0x080083c2       0xea ./Middlewares/Third_Party/FatFs/src/ff.o
 .text.fill_first_frag
                0x080084ac       0x5e ./Middlewares/Third_Party/FatFs/src/ff.o
 .text.fill_last_frag
                0x0800850a       0x62 ./Middlewares/Third_Party/FatFs/src/ff.o
 .text.remove_chain
                0x0800856c      0x168 ./Middlewares/Third_Party/FatFs/src/ff.o
 .text.create_chain
                0x080086d4      0x202 ./Middlewares/Third_Party/FatFs/src/ff.o
 .text.clmt_clust
                0x080088d6       0x98 ./Middlewares/Third_Party/FatFs/src/ff.o
 .text.dir_sdi  0x0800896e      0x128 ./Middlewares/Third_Party/FatFs/src/ff.o
 .text.dir_next
                0x08008a96      0x1cc ./Middlewares/Third_Party/FatFs/src/ff.o
 .text.dir_alloc
                0x08008c62       0xb8 ./Middlewares/Third_Party/FatFs/src/ff.o
 .text.ld_clust
                0x08008d1a       0x3e ./Middlewares/Third_Party/FatFs/src/ff.o
 .text.st_clust
                0x08008d58       0x40 ./Middlewares/Third_Party/FatFs/src/ff.o
 .text.cmp_lfn  0x08008d98       0xe0 ./Middlewares/Third_Party/FatFs/src/ff.o
 .text.pick_lfn
                0x08008e78       0xc8 ./Middlewares/Third_Party/FatFs/src/ff.o
 .text.put_lfn  0x08008f40       0xd0 ./Middlewares/Third_Party/FatFs/src/ff.o
 .text.gen_numname
                0x08009010      0x11c ./Middlewares/Third_Party/FatFs/src/ff.o
 .text.sum_sfn  0x0800912c       0x42 ./Middlewares/Third_Party/FatFs/src/ff.o
 .text.xdir_sum
                0x0800916e       0x64 ./Middlewares/Third_Party/FatFs/src/ff.o
 .text.xname_sum
                0x080091d2       0x68 ./Middlewares/Third_Party/FatFs/src/ff.o
 *fill*         0x0800923a        0x2 
 .text.load_xdir
                0x0800923c      0x17c ./Middlewares/Third_Party/FatFs/src/ff.o
 .text.load_obj_dir
                0x080093b8       0x6c ./Middlewares/Third_Party/FatFs/src/ff.o
 .text.store_xdir
                0x08009424       0xb6 ./Middlewares/Third_Party/FatFs/src/ff.o
 .text.create_xdir
                0x080094da       0xce ./Middlewares/Third_Party/FatFs/src/ff.o
 .text.dir_read
                0x080095a8      0x18e ./Middlewares/Third_Party/FatFs/src/ff.o
 .text.dir_find
                0x08009736      0x254 ./Middlewares/Third_Party/FatFs/src/ff.o
 *fill*         0x0800998a        0x2 
 .text.dir_register
                0x0800998c      0x354 ./Middlewares/Third_Party/FatFs/src/ff.o
 .text.dir_remove
                0x08009ce0       0xb0 ./Middlewares/Third_Party/FatFs/src/ff.o
 .text.create_name
                0x08009d90      0x370 ./Middlewares/Third_Party/FatFs/src/ff.o
 .text.follow_path
                0x0800a100      0x15c ./Middlewares/Third_Party/FatFs/src/ff.o
 .text.get_ldnumber
                0x0800a25c       0x88 ./Middlewares/Third_Party/FatFs/src/ff.o
 .text.check_fs
                0x0800a2e4       0xc8 ./Middlewares/Third_Party/FatFs/src/ff.o
 .text.find_volume
                0x0800a3ac      0x730 ./Middlewares/Third_Party/FatFs/src/ff.o
 .text.validate
                0x0800aadc       0x6a ./Middlewares/Third_Party/FatFs/src/ff.o
 *fill*         0x0800ab46        0x2 
 .text.f_mount  0x0800ab48       0x88 ./Middlewares/Third_Party/FatFs/src/ff.o
                0x0800ab48                f_mount
 .text.f_open   0x0800abd0      0x540 ./Middlewares/Third_Party/FatFs/src/ff.o
                0x0800abd0                f_open
 .text.f_read   0x0800b110      0x330 ./Middlewares/Third_Party/FatFs/src/ff.o
                0x0800b110                f_read
 .text.f_write  0x0800b440      0x3ae ./Middlewares/Third_Party/FatFs/src/ff.o
                0x0800b440                f_write
 .text.f_sync   0x0800b7ee      0x23c ./Middlewares/Third_Party/FatFs/src/ff.o
                0x0800b7ee                f_sync
 .text.f_close  0x0800ba2a       0x40 ./Middlewares/Third_Party/FatFs/src/ff.o
                0x0800ba2a                f_close
 .text.f_lseek  0x0800ba6a      0x7d6 ./Middlewares/Third_Party/FatFs/src/ff.o
                0x0800ba6a                f_lseek
 .text.f_getfree
                0x0800c240      0x20e ./Middlewares/Third_Party/FatFs/src/ff.o
                0x0800c240                f_getfree
 .text.f_unlink
                0x0800c44e      0x1aa ./Middlewares/Third_Party/FatFs/src/ff.o
                0x0800c44e                f_unlink
 .text.f_gets   0x0800c5f8       0x7c ./Middlewares/Third_Party/FatFs/src/ff.o
                0x0800c5f8                f_gets
 .text.putc_bfd
                0x0800c674       0x7a ./Middlewares/Third_Party/FatFs/src/ff.o
 .text.putc_flush
                0x0800c6ee       0x4a ./Middlewares/Third_Party/FatFs/src/ff.o
 .text.putc_init
                0x0800c738       0x2a ./Middlewares/Third_Party/FatFs/src/ff.o
 .text.f_puts   0x0800c762       0x48 ./Middlewares/Third_Party/FatFs/src/ff.o
                0x0800c762                f_puts
 *fill*         0x0800c7aa        0x2 
 .text.f_printf
                0x0800c7ac      0x43c ./Middlewares/Third_Party/FatFs/src/ff.o
                0x0800c7ac                f_printf
 .text.FATFS_LinkDriverEx
                0x0800cbe8       0x98 ./Middlewares/Third_Party/FatFs/src/ff_gen_drv.o
                0x0800cbe8                FATFS_LinkDriverEx
 .text.FATFS_LinkDriver
                0x0800cc80       0x1e ./Middlewares/Third_Party/FatFs/src/ff_gen_drv.o
                0x0800cc80                FATFS_LinkDriver
 *fill*         0x0800cc9e        0x2 
 .text.ff_convert
                0x0800cca0       0x78 ./Middlewares/Third_Party/FatFs/src/option/ccsbcs.o
                0x0800cca0                ff_convert
 .text.ff_wtoupper
                0x0800cd18      0x114 ./Middlewares/Third_Party/FatFs/src/option/ccsbcs.o
                0x0800cd18                ff_wtoupper
 .text.atoi     0x0800ce2c        0x8 C:/ST/STM32CubeIDE_1.15.0/STM32CubeIDE/plugins/com.st.stm32cube.ide.mcu.externaltools.gnu-tools-for-stm32.12.3.rel1.win32_1.0.100.202403111256/tools/bin/../lib/gcc/arm-none-eabi/12.3.1/../../../../arm-none-eabi/lib/thumb/v7e-m+dp/hard\libc_nano.a(libc_a-atoi.o)
                0x0800ce2c                atoi
 .text._strtol_l.constprop.0
                0x0800ce34       0xf4 C:/ST/STM32CubeIDE_1.15.0/STM32CubeIDE/plugins/com.st.stm32cube.ide.mcu.externaltools.gnu-tools-for-stm32.12.3.rel1.win32_1.0.100.202403111256/tools/bin/../lib/gcc/arm-none-eabi/12.3.1/../../../../arm-none-eabi/lib/thumb/v7e-m+dp/hard\libc_nano.a(libc_a-strtol.o)
 .text.strtol   0x0800cf28       0x14 C:/ST/STM32CubeIDE_1.15.0/STM32CubeIDE/plugins/com.st.stm32cube.ide.mcu.externaltools.gnu-tools-for-stm32.12.3.rel1.win32_1.0.100.202403111256/tools/bin/../lib/gcc/arm-none-eabi/12.3.1/../../../../arm-none-eabi/lib/thumb/v7e-m+dp/hard\libc_nano.a(libc_a-strtol.o)
                0x0800cf28                strtol
 .text.sprintf  0x0800cf3c       0x40 C:/ST/STM32CubeIDE_1.15.0/STM32CubeIDE/plugins/com.st.stm32cube.ide.mcu.externaltools.gnu-tools-for-stm32.12.3.rel1.win32_1.0.100.202403111256/tools/bin/../lib/gcc/arm-none-eabi/12.3.1/../../../../arm-none-eabi/lib/thumb/v7e-m+dp/hard\libc_nano.a(libc_a-sprintf.o)
                0x0800cf3c                siprintf
                0x0800cf3c                sprintf
 .text.memset   0x0800cf7c       0x10 C:/ST/STM32CubeIDE_1.15.0/STM32CubeIDE/plugins/com.st.stm32cube.ide.mcu.externaltools.gnu-tools-for-stm32.12.3.rel1.win32_1.0.100.202403111256/tools/bin/../lib/gcc/arm-none-eabi/12.3.1/../../../../arm-none-eabi/lib/thumb/v7e-m+dp/hard\libc_nano.a(libc_a-memset.o)
                0x0800cf7c                memset
 .text.__errno  0x0800cf8c        0xc C:/ST/STM32CubeIDE_1.15.0/STM32CubeIDE/plugins/com.st.stm32cube.ide.mcu.externaltools.gnu-tools-for-stm32.12.3.rel1.win32_1.0.100.202403111256/tools/bin/../lib/gcc/arm-none-eabi/12.3.1/../../../../arm-none-eabi/lib/thumb/v7e-m+dp/hard\libc_nano.a(libc_a-errno.o)
                0x0800cf8c                __errno
 .text.__libc_init_array
                0x0800cf98       0x48 C:/ST/STM32CubeIDE_1.15.0/STM32CubeIDE/plugins/com.st.stm32cube.ide.mcu.externaltools.gnu-tools-for-stm32.12.3.rel1.win32_1.0.100.202403111256/tools/bin/../lib/gcc/arm-none-eabi/12.3.1/../../../../arm-none-eabi/lib/thumb/v7e-m+dp/hard\libc_nano.a(libc_a-init.o)
                0x0800cf98                __libc_init_array
 .text.__retarget_lock_acquire_recursive
                0x0800cfe0        0x2 C:/ST/STM32CubeIDE_1.15.0/STM32CubeIDE/plugins/com.st.stm32cube.ide.mcu.externaltools.gnu-tools-for-stm32.12.3.rel1.win32_1.0.100.202403111256/tools/bin/../lib/gcc/arm-none-eabi/12.3.1/../../../../arm-none-eabi/lib/thumb/v7e-m+dp/hard\libc_nano.a(libc_a-lock.o)
                0x0800cfe0                __retarget_lock_acquire_recursive
 .text.__retarget_lock_release_recursive
                0x0800cfe2        0x2 C:/ST/STM32CubeIDE_1.15.0/STM32CubeIDE/plugins/com.st.stm32cube.ide.mcu.externaltools.gnu-tools-for-stm32.12.3.rel1.win32_1.0.100.202403111256/tools/bin/../lib/gcc/arm-none-eabi/12.3.1/../../../../arm-none-eabi/lib/thumb/v7e-m+dp/hard\libc_nano.a(libc_a-lock.o)
                0x0800cfe2                __retarget_lock_release_recursive
 .text._free_r  0x0800cfe4       0x94 C:/ST/STM32CubeIDE_1.15.0/STM32CubeIDE/plugins/com.st.stm32cube.ide.mcu.externaltools.gnu-tools-for-stm32.12.3.rel1.win32_1.0.100.202403111256/tools/bin/../lib/gcc/arm-none-eabi/12.3.1/../../../../arm-none-eabi/lib/thumb/v7e-m+dp/hard\libc_nano.a(libc_a-freer.o)
                0x0800cfe4                _free_r
 .text.sbrk_aligned
                0x0800d078       0x44 C:/ST/STM32CubeIDE_1.15.0/STM32CubeIDE/plugins/com.st.stm32cube.ide.mcu.externaltools.gnu-tools-for-stm32.12.3.rel1.win32_1.0.100.202403111256/tools/bin/../lib/gcc/arm-none-eabi/12.3.1/../../../../arm-none-eabi/lib/thumb/v7e-m+dp/hard\libc_nano.a(libc_a-mallocr.o)
 .text._malloc_r
                0x0800d0bc      0x100 C:/ST/STM32CubeIDE_1.15.0/STM32CubeIDE/plugins/com.st.stm32cube.ide.mcu.externaltools.gnu-tools-for-stm32.12.3.rel1.win32_1.0.100.202403111256/tools/bin/../lib/gcc/arm-none-eabi/12.3.1/../../../../arm-none-eabi/lib/thumb/v7e-m+dp/hard\libc_nano.a(libc_a-mallocr.o)
                0x0800d0bc                _malloc_r
 .text.__malloc_lock
                0x0800d1bc        0xc C:/ST/STM32CubeIDE_1.15.0/STM32CubeIDE/plugins/com.st.stm32cube.ide.mcu.externaltools.gnu-tools-for-stm32.12.3.rel1.win32_1.0.100.202403111256/tools/bin/../lib/gcc/arm-none-eabi/12.3.1/../../../../arm-none-eabi/lib/thumb/v7e-m+dp/hard\libc_nano.a(libc_a-mlock.o)
                0x0800d1bc                __malloc_lock
 .text.__malloc_unlock
                0x0800d1c8        0xc C:/ST/STM32CubeIDE_1.15.0/STM32CubeIDE/plugins/com.st.stm32cube.ide.mcu.externaltools.gnu-tools-for-stm32.12.3.rel1.win32_1.0.100.202403111256/tools/bin/../lib/gcc/arm-none-eabi/12.3.1/../../../../arm-none-eabi/lib/thumb/v7e-m+dp/hard\libc_nano.a(libc_a-mlock.o)
                0x0800d1c8                __malloc_unlock
 .text.__ssputs_r
                0x0800d1d4       0xb6 C:/ST/STM32CubeIDE_1.15.0/STM32CubeIDE/plugins/com.st.stm32cube.ide.mcu.externaltools.gnu-tools-for-stm32.12.3.rel1.win32_1.0.100.202403111256/tools/bin/../lib/gcc/arm-none-eabi/12.3.1/../../../../arm-none-eabi/lib/thumb/v7e-m+dp/hard\libc_nano.a(libc_a-nano-svfprintf.o)
                0x0800d1d4                __ssputs_r
 *fill*         0x0800d28a        0x2 
 .text._svfprintf_r
                0x0800d28c      0x1f8 C:/ST/STM32CubeIDE_1.15.0/STM32CubeIDE/plugins/com.st.stm32cube.ide.mcu.externaltools.gnu-tools-for-stm32.12.3.rel1.win32_1.0.100.202403111256/tools/bin/../lib/gcc/arm-none-eabi/12.3.1/../../../../arm-none-eabi/lib/thumb/v7e-m+dp/hard\libc_nano.a(libc_a-nano-svfprintf.o)
                0x0800d28c                _svfiprintf_r
                0x0800d28c                _svfprintf_r
 .text._printf_common
                0x0800d484       0xda C:/ST/STM32CubeIDE_1.15.0/STM32CubeIDE/plugins/com.st.stm32cube.ide.mcu.externaltools.gnu-tools-for-stm32.12.3.rel1.win32_1.0.100.202403111256/tools/bin/../lib/gcc/arm-none-eabi/12.3.1/../../../../arm-none-eabi/lib/thumb/v7e-m+dp/hard\libc_nano.a(libc_a-nano-vfprintf_i.o)
                0x0800d484                _printf_common
 *fill*         0x0800d55e        0x2 
 .text._printf_i
                0x0800d560      0x240 C:/ST/STM32CubeIDE_1.15.0/STM32CubeIDE/plugins/com.st.stm32cube.ide.mcu.externaltools.gnu-tools-for-stm32.12.3.rel1.win32_1.0.100.202403111256/tools/bin/../lib/gcc/arm-none-eabi/12.3.1/../../../../arm-none-eabi/lib/thumb/v7e-m+dp/hard\libc_nano.a(libc_a-nano-vfprintf_i.o)
                0x0800d560                _printf_i
 .text.memmove  0x0800d7a0       0x34 C:/ST/STM32CubeIDE_1.15.0/STM32CubeIDE/plugins/com.st.stm32cube.ide.mcu.externaltools.gnu-tools-for-stm32.12.3.rel1.win32_1.0.100.202403111256/tools/bin/../lib/gcc/arm-none-eabi/12.3.1/../../../../arm-none-eabi/lib/thumb/v7e-m+dp/hard\libc_nano.a(libc_a-memmove.o)
                0x0800d7a0                memmove
 .text._sbrk_r  0x0800d7d4       0x20 C:/ST/STM32CubeIDE_1.15.0/STM32CubeIDE/plugins/com.st.stm32cube.ide.mcu.externaltools.gnu-tools-for-stm32.12.3.rel1.win32_1.0.100.202403111256/tools/bin/../lib/gcc/arm-none-eabi/12.3.1/../../../../arm-none-eabi/lib/thumb/v7e-m+dp/hard\libc_nano.a(libc_a-sbrkr.o)
                0x0800d7d4                _sbrk_r
 .text.memcpy   0x0800d7f4       0x1c C:/ST/STM32CubeIDE_1.15.0/STM32CubeIDE/plugins/com.st.stm32cube.ide.mcu.externaltools.gnu-tools-for-stm32.12.3.rel1.win32_1.0.100.202403111256/tools/bin/../lib/gcc/arm-none-eabi/12.3.1/../../../../arm-none-eabi/lib/thumb/v7e-m+dp/hard\libc_nano.a(libc_a-memcpy-stub.o)
                0x0800d7f4                memcpy
 .text._realloc_r
                0x0800d810       0x5c C:/ST/STM32CubeIDE_1.15.0/STM32CubeIDE/plugins/com.st.stm32cube.ide.mcu.externaltools.gnu-tools-for-stm32.12.3.rel1.win32_1.0.100.202403111256/tools/bin/../lib/gcc/arm-none-eabi/12.3.1/../../../../arm-none-eabi/lib/thumb/v7e-m+dp/hard\libc_nano.a(libc_a-reallocr.o)
                0x0800d810                _realloc_r
 .text._malloc_usable_size_r
                0x0800d86c       0x10 C:/ST/STM32CubeIDE_1.15.0/STM32CubeIDE/plugins/com.st.stm32cube.ide.mcu.externaltools.gnu-tools-for-stm32.12.3.rel1.win32_1.0.100.202403111256/tools/bin/../lib/gcc/arm-none-eabi/12.3.1/../../../../arm-none-eabi/lib/thumb/v7e-m+dp/hard\libc_nano.a(libc_a-msizer.o)
                0x0800d86c                _malloc_usable_size_r
 *(.glue_7)
 .glue_7        0x0800d87c        0x0 linker stubs
 *(.glue_7t)
 .glue_7t       0x0800d87c        0x0 linker stubs
 *(.eh_frame)
 .eh_frame      0x0800d87c        0x0 C:/ST/STM32CubeIDE_1.15.0/STM32CubeIDE/plugins/com.st.stm32cube.ide.mcu.externaltools.gnu-tools-for-stm32.12.3.rel1.win32_1.0.100.202403111256/tools/bin/../lib/gcc/arm-none-eabi/12.3.1/thumb/v7e-m+dp/hard/crtbegin.o
 *(.init)
 .init          0x0800d87c        0x4 C:/ST/STM32CubeIDE_1.15.0/STM32CubeIDE/plugins/com.st.stm32cube.ide.mcu.externaltools.gnu-tools-for-stm32.12.3.rel1.win32_1.0.100.202403111256/tools/bin/../lib/gcc/arm-none-eabi/12.3.1/thumb/v7e-m+dp/hard/crti.o
                0x0800d87c                _init
 .init          0x0800d880        0x8 C:/ST/STM32CubeIDE_1.15.0/STM32CubeIDE/plugins/com.st.stm32cube.ide.mcu.externaltools.gnu-tools-for-stm32.12.3.rel1.win32_1.0.100.202403111256/tools/bin/../lib/gcc/arm-none-eabi/12.3.1/thumb/v7e-m+dp/hard/crtn.o
 *(.fini)
 .fini          0x0800d888        0x4 C:/ST/STM32CubeIDE_1.15.0/STM32CubeIDE/plugins/com.st.stm32cube.ide.mcu.externaltools.gnu-tools-for-stm32.12.3.rel1.win32_1.0.100.202403111256/tools/bin/../lib/gcc/arm-none-eabi/12.3.1/thumb/v7e-m+dp/hard/crti.o
                0x0800d888                _fini
 .fini          0x0800d88c        0x8 C:/ST/STM32CubeIDE_1.15.0/STM32CubeIDE/plugins/com.st.stm32cube.ide.mcu.externaltools.gnu-tools-for-stm32.12.3.rel1.win32_1.0.100.202403111256/tools/bin/../lib/gcc/arm-none-eabi/12.3.1/thumb/v7e-m+dp/hard/crtn.o
                0x0800d894                        . = ALIGN (0x4)
                0x0800d894                        _etext = .

.vfp11_veneer   0x0800d894        0x0
 .vfp11_veneer  0x0800d894        0x0 linker stubs

.v4_bx          0x0800d894        0x0
 .v4_bx         0x0800d894        0x0 linker stubs

.iplt           0x0800d894        0x0
 .iplt          0x0800d894        0x0 C:/ST/STM32CubeIDE_1.15.0/STM32CubeIDE/plugins/com.st.stm32cube.ide.mcu.externaltools.gnu-tools-for-stm32.12.3.rel1.win32_1.0.100.202403111256/tools/bin/../lib/gcc/arm-none-eabi/12.3.1/thumb/v7e-m+dp/hard/crtbegin.o

.rodata         0x0800d894      0x8f0
                0x0800d894                        . = ALIGN (0x4)
 *(.rodata)
 .rodata        0x0800d894      0x2ee ./Core/Src/main.o
 *fill*         0x0800db82        0x2 
 .rodata        0x0800db84       0x54 ./Middlewares/Third_Party/FatFs/src/ff.o
 *(.rodata*)
 .rodata.D1CorePrescTable
                0x0800dbd8       0x10 ./Core/Src/system_stm32h7xx.o
                0x0800dbd8                D1CorePrescTable
 .rodata.UARTPrescTable
                0x0800dbe8       0x18 ./Drivers/STM32H7xx_HAL_Driver/Src/stm32h7xx_hal_uart.o
                0x0800dbe8                UARTPrescTable
 .rodata.numerator.1
                0x0800dc00        0x8 ./Drivers/STM32H7xx_HAL_Driver/Src/stm32h7xx_hal_uart_ex.o
 .rodata.denominator.0
                0x0800dc08        0x8 ./Drivers/STM32H7xx_HAL_Driver/Src/stm32h7xx_hal_uart_ex.o
 .rodata.ExCvt  0x0800dc10       0x80 ./Middlewares/Third_Party/FatFs/src/ff.o
 .rodata.LfnOfs
                0x0800dc90        0xd ./Middlewares/Third_Party/FatFs/src/ff.o
 *fill*         0x0800dc9d        0x3 
 .rodata.Tbl    0x0800dca0      0x100 ./Middlewares/Third_Party/FatFs/src/option/ccsbcs.o
 .rodata.cvt1.1
                0x0800dda0      0x1f2 ./Middlewares/Third_Party/FatFs/src/option/ccsbcs.o
 *fill*         0x0800df92        0x2 
 .rodata.cvt2.0
                0x0800df94       0xbc ./Middlewares/Third_Party/FatFs/src/option/ccsbcs.o
 .rodata._ctype_
                0x0800e050      0x101 C:/ST/STM32CubeIDE_1.15.0/STM32CubeIDE/plugins/com.st.stm32cube.ide.mcu.externaltools.gnu-tools-for-stm32.12.3.rel1.win32_1.0.100.202403111256/tools/bin/../lib/gcc/arm-none-eabi/12.3.1/../../../../arm-none-eabi/lib/thumb/v7e-m+dp/hard\libc_nano.a(libc_a-ctype_.o)
                0x0800e050                _ctype_
 .rodata._svfprintf_r.str1.1
                0x0800e151       0x11 C:/ST/STM32CubeIDE_1.15.0/STM32CubeIDE/plugins/com.st.stm32cube.ide.mcu.externaltools.gnu-tools-for-stm32.12.3.rel1.win32_1.0.100.202403111256/tools/bin/../lib/gcc/arm-none-eabi/12.3.1/../../../../arm-none-eabi/lib/thumb/v7e-m+dp/hard\libc_nano.a(libc_a-nano-svfprintf.o)
 .rodata._printf_i.str1.1
                0x0800e162       0x22 C:/ST/STM32CubeIDE_1.15.0/STM32CubeIDE/plugins/com.st.stm32cube.ide.mcu.externaltools.gnu-tools-for-stm32.12.3.rel1.win32_1.0.100.202403111256/tools/bin/../lib/gcc/arm-none-eabi/12.3.1/../../../../arm-none-eabi/lib/thumb/v7e-m+dp/hard\libc_nano.a(libc_a-nano-vfprintf_i.o)
                0x0800e184                        . = ALIGN (0x4)

.ARM.extab
 *(.ARM.extab* .gnu.linkonce.armextab.*)

.ARM            0x0800e184        0x8
                0x0800e184                        __exidx_start = .
 *(.ARM.exidx*)
 .ARM.exidx     0x0800e184        0x8 C:/ST/STM32CubeIDE_1.15.0/STM32CubeIDE/plugins/com.st.stm32cube.ide.mcu.externaltools.gnu-tools-for-stm32.12.3.rel1.win32_1.0.100.202403111256/tools/bin/../lib/gcc/arm-none-eabi/12.3.1/../../../../arm-none-eabi/lib/thumb/v7e-m+dp/hard\libc_nano.a(libc_a-strlen.o)
 .ARM.exidx     0x0800e18c        0x0 C:/ST/STM32CubeIDE_1.15.0/STM32CubeIDE/plugins/com.st.stm32cube.ide.mcu.externaltools.gnu-tools-for-stm32.12.3.rel1.win32_1.0.100.202403111256/tools/bin/../lib/gcc/arm-none-eabi/12.3.1/../../../../arm-none-eabi/lib/thumb/v7e-m+dp/hard\libc_nano.a(libc_a-memchr.o)
                                  0x8 (size before relaxing)
 .ARM.exidx     0x0800e18c        0x0 C:/ST/STM32CubeIDE_1.15.0/STM32CubeIDE/plugins/com.st.stm32cube.ide.mcu.externaltools.gnu-tools-for-stm32.12.3.rel1.win32_1.0.100.202403111256/tools/bin/../lib/gcc/arm-none-eabi/12.3.1/thumb/v7e-m+dp/hard\libgcc.a(_udivmoddi4.o)
                                  0x8 (size before relaxing)
                0x0800e18c                        __exidx_end = .

.preinit_array  0x0800e18c        0x0
                0x0800e18c                        PROVIDE (__preinit_array_start = .)
 *(.preinit_array*)
                0x0800e18c                        PROVIDE (__preinit_array_end = .)

.init_array     0x0800e18c        0x4
                0x0800e18c                        PROVIDE (__init_array_start = .)
 *(SORT_BY_NAME(.init_array.*))
 *(.init_array*)
 .init_array    0x0800e18c        0x4 C:/ST/STM32CubeIDE_1.15.0/STM32CubeIDE/plugins/com.st.stm32cube.ide.mcu.externaltools.gnu-tools-for-stm32.12.3.rel1.win32_1.0.100.202403111256/tools/bin/../lib/gcc/arm-none-eabi/12.3.1/thumb/v7e-m+dp/hard/crtbegin.o
                0x0800e190                        PROVIDE (__init_array_end = .)

.fini_array     0x0800e190        0x4
                [!provide]                        PROVIDE (__fini_array_start = .)
 *(SORT_BY_NAME(.fini_array.*))
 *(.fini_array*)
 .fini_array    0x0800e190        0x4 C:/ST/STM32CubeIDE_1.15.0/STM32CubeIDE/plugins/com.st.stm32cube.ide.mcu.externaltools.gnu-tools-for-stm32.12.3.rel1.win32_1.0.100.202403111256/tools/bin/../lib/gcc/arm-none-eabi/12.3.1/thumb/v7e-m+dp/hard/crtbegin.o
                [!provide]                        PROVIDE (__fini_array_end = .)
                0x0800e194                        _sidata = LOADADDR (.data)

.rel.dyn        0x0800e194        0x0
 .rel.iplt      0x0800e194        0x0 C:/ST/STM32CubeIDE_1.15.0/STM32CubeIDE/plugins/com.st.stm32cube.ide.mcu.externaltools.gnu-tools-for-stm32.12.3.rel1.win32_1.0.100.202403111256/tools/bin/../lib/gcc/arm-none-eabi/12.3.1/thumb/v7e-m+dp/hard/crtbegin.o

.data           0x24000000       0x78 load address 0x0800e194
                0x24000000                        . = ALIGN (0x4)
                0x24000000                        _sdata = .
 *(.data)
 *(.data*)
 .data.Stat     0x24000000        0x1 ./Core/Src/fatfs_sd.o
 .data.counterValue
                0x24000001        0x1 ./Core/Src/main.o
                0x24000001                counterValue
 *fill*         0x24000002        0x2 
 .data.SystemCoreClock
                0x24000004        0x4 ./Core/Src/system_stm32h7xx.o
                0x24000004                SystemCoreClock
 .data.SystemD2Clock
                0x24000008        0x4 ./Core/Src/system_stm32h7xx.o
                0x24000008                SystemD2Clock
 .data.uwTickPrio
                0x2400000c        0x4 ./Drivers/STM32H7xx_HAL_Driver/Src/stm32h7xx_hal.o
                0x2400000c                uwTickPrio
 .data.uwTickFreq
                0x24000010        0x1 ./Drivers/STM32H7xx_HAL_Driver/Src/stm32h7xx_hal.o
                0x24000010                uwTickFreq
 *fill*         0x24000011        0x3 
 .data.USER_Driver
                0x24000014       0x14 ./FATFS/Target/user_diskio.o
                0x24000014                USER_Driver
 .data._impure_ptr
                0x24000028        0x4 C:/ST/STM32CubeIDE_1.15.0/STM32CubeIDE/plugins/com.st.stm32cube.ide.mcu.externaltools.gnu-tools-for-stm32.12.3.rel1.win32_1.0.100.202403111256/tools/bin/../lib/gcc/arm-none-eabi/12.3.1/../../../../arm-none-eabi/lib/thumb/v7e-m+dp/hard\libc_nano.a(libc_a-impure.o)
                0x24000028                _impure_ptr
 .data._impure_data
                0x2400002c       0x4c C:/ST/STM32CubeIDE_1.15.0/STM32CubeIDE/plugins/com.st.stm32cube.ide.mcu.externaltools.gnu-tools-for-stm32.12.3.rel1.win32_1.0.100.202403111256/tools/bin/../lib/gcc/arm-none-eabi/12.3.1/../../../../arm-none-eabi/lib/thumb/v7e-m+dp/hard\libc_nano.a(libc_a-impure.o)
                0x2400002c                _impure_data
 *(.RamFunc)
 *(.RamFunc*)
                0x24000078                        . = ALIGN (0x4)
                0x24000078                        _edata = .

.igot.plt       0x24000078        0x0 load address 0x0800e20c
 .igot.plt      0x24000078        0x0 C:/ST/STM32CubeIDE_1.15.0/STM32CubeIDE/plugins/com.st.stm32cube.ide.mcu.externaltools.gnu-tools-for-stm32.12.3.rel1.win32_1.0.100.202403111256/tools/bin/../lib/gcc/arm-none-eabi/12.3.1/thumb/v7e-m+dp/hard/crtbegin.o
                0x24000078                        . = ALIGN (0x4)

.bss            0x24000078     0x3874 load address 0x0800e20c
                0x24000078                        _sbss = .
                0x24000078                        __bss_start__ = _sbss
 *(.bss)
 .bss           0x24000078       0x1c C:/ST/STM32CubeIDE_1.15.0/STM32CubeIDE/plugins/com.st.stm32cube.ide.mcu.externaltools.gnu-tools-for-stm32.12.3.rel1.win32_1.0.100.202403111256/tools/bin/../lib/gcc/arm-none-eabi/12.3.1/thumb/v7e-m+dp/hard/crtbegin.o
 *(.bss*)
 .bss.Timer1    0x24000094        0x2 ./Core/Src/fatfs_sd.o
                0x24000094                Timer1
 .bss.Timer2    0x24000096        0x2 ./Core/Src/fatfs_sd.o
                0x24000096                Timer2
 .bss.CardType  0x24000098        0x1 ./Core/Src/fatfs_sd.o
 .bss.PowerFlag
                0x24000099        0x1 ./Core/Src/fatfs_sd.o
 *fill*         0x2400009a        0x2 
 .bss.hspi1     0x2400009c       0x88 ./Core/Src/main.o
                0x2400009c                hspi1
 .bss.huart3    0x24000124       0x94 ./Core/Src/main.o
                0x24000124                huart3
 .bss.fs        0x240001b8     0x103c ./Core/Src/main.o
                0x240001b8                fs
 .bss.pfs       0x240011f4        0x4 ./Core/Src/main.o
                0x240011f4                pfs
 .bss.fil       0x240011f8     0x1058 ./Core/Src/main.o
                0x240011f8                fil
 .bss.counterFile
                0x24002250     0x1058 ./Core/Src/main.o
                0x24002250                counterFile
 .bss.fres      0x240032a8        0x1 ./Core/Src/main.o
                0x240032a8                fres
 *fill*         0x240032a9        0x3 
 .bss.fre_clust
                0x240032ac        0x4 ./Core/Src/main.o
                0x240032ac                fre_clust
 .bss.totalSpace
                0x240032b0        0x4 ./Core/Src/main.o
                0x240032b0                totalSpace
 .bss.freeSpace
                0x240032b4        0x4 ./Core/Src/main.o
                0x240032b4                freeSpace
 .bss.buffer    0x240032b8       0x64 ./Core/Src/main.o
                0x240032b8                buffer
 .bss.buttonPress
                0x2400331c        0x1 ./Core/Src/main.o
                0x2400331c                buttonPress
 *fill*         0x2400331d        0x3 
 .bss.__sbrk_heap_end
                0x24003320        0x4 ./Core/Src/sysmem.o
 .bss.uwTick    0x24003324        0x4 ./Drivers/STM32H7xx_HAL_Driver/Src/stm32h7xx_hal.o
                0x24003324                uwTick
 .bss.retUSER   0x24003328        0x1 ./FATFS/App/fatfs.o
                0x24003328                retUSER
 *fill*         0x24003329        0x3 
 .bss.USERPath  0x2400332c        0x4 ./FATFS/App/fatfs.o
                0x2400332c                USERPath
 .bss.FatFs     0x24003330        0x4 ./Middlewares/Third_Party/FatFs/src/ff.o
 .bss.Fsid      0x24003334        0x2 ./Middlewares/Third_Party/FatFs/src/ff.o
 *fill*         0x24003336        0x2 
 .bss.DirBuf    0x24003338      0x260 ./Middlewares/Third_Party/FatFs/src/ff.o
 .bss.LfnBuf    0x24003598      0x200 ./Middlewares/Third_Party/FatFs/src/ff.o
 .bss.disk      0x24003798        0xc ./Middlewares/Third_Party/FatFs/src/ff_gen_drv.o
                0x24003798                disk
 .bss.__sf      0x240037a4      0x138 C:/ST/STM32CubeIDE_1.15.0/STM32CubeIDE/plugins/com.st.stm32cube.ide.mcu.externaltools.gnu-tools-for-stm32.12.3.rel1.win32_1.0.100.202403111256/tools/bin/../lib/gcc/arm-none-eabi/12.3.1/../../../../arm-none-eabi/lib/thumb/v7e-m+dp/hard\libc_nano.a(libc_a-findfp.o)
                0x240037a4                __sf
 .bss.errno     0x240038dc        0x4 C:/ST/STM32CubeIDE_1.15.0/STM32CubeIDE/plugins/com.st.stm32cube.ide.mcu.externaltools.gnu-tools-for-stm32.12.3.rel1.win32_1.0.100.202403111256/tools/bin/../lib/gcc/arm-none-eabi/12.3.1/../../../../arm-none-eabi/lib/thumb/v7e-m+dp/hard\libc_nano.a(libc_a-reent.o)
                0x240038dc                errno
 .bss.__lock___malloc_recursive_mutex
                0x240038e0        0x1 C:/ST/STM32CubeIDE_1.15.0/STM32CubeIDE/plugins/com.st.stm32cube.ide.mcu.externaltools.gnu-tools-for-stm32.12.3.rel1.win32_1.0.100.202403111256/tools/bin/../lib/gcc/arm-none-eabi/12.3.1/../../../../arm-none-eabi/lib/thumb/v7e-m+dp/hard\libc_nano.a(libc_a-lock.o)
                0x240038e0                __lock___malloc_recursive_mutex
 *fill*         0x240038e1        0x3 
 .bss.__malloc_sbrk_start
                0x240038e4        0x4 C:/ST/STM32CubeIDE_1.15.0/STM32CubeIDE/plugins/com.st.stm32cube.ide.mcu.externaltools.gnu-tools-for-stm32.12.3.rel1.win32_1.0.100.202403111256/tools/bin/../lib/gcc/arm-none-eabi/12.3.1/../../../../arm-none-eabi/lib/thumb/v7e-m+dp/hard\libc_nano.a(libc_a-mallocr.o)
                0x240038e4                __malloc_sbrk_start
 .bss.__malloc_free_list
                0x240038e8        0x4 C:/ST/STM32CubeIDE_1.15.0/STM32CubeIDE/plugins/com.st.stm32cube.ide.mcu.externaltools.gnu-tools-for-stm32.12.3.rel1.win32_1.0.100.202403111256/tools/bin/../lib/gcc/arm-none-eabi/12.3.1/../../../../arm-none-eabi/lib/thumb/v7e-m+dp/hard\libc_nano.a(libc_a-mallocr.o)
                0x240038e8                __malloc_free_list
 *(COMMON)
                0x240038ec                        . = ALIGN (0x4)
                0x240038ec                        _ebss = .
                0x240038ec                        __bss_end__ = _ebss

._user_heap_stack
                0x240038ec      0x604 load address 0x0800e20c
                0x240038f0                        . = ALIGN (0x8)
 *fill*         0x240038ec        0x4 
                [!provide]                        PROVIDE (end = .)
                0x240038f0                        PROVIDE (_end = .)
                0x24003af0                        . = (. + _Min_Heap_Size)
 *fill*         0x240038f0      0x200 
                0x24003ef0                        . = (. + _Min_Stack_Size)
 *fill*         0x24003af0      0x400 
                0x24003ef0                        . = ALIGN (0x8)

/DISCARD/
 libc.a(*)
 libm.a(*)
 libgcc.a(*)

.ARM.attributes
                0x00000000       0x2e
 *(.ARM.attributes)
 .ARM.attributes
                0x00000000       0x20 C:/ST/STM32CubeIDE_1.15.0/STM32CubeIDE/plugins/com.st.stm32cube.ide.mcu.externaltools.gnu-tools-for-stm32.12.3.rel1.win32_1.0.100.202403111256/tools/bin/../lib/gcc/arm-none-eabi/12.3.1/thumb/v7e-m+dp/hard/crti.o
 .ARM.attributes
                0x00000020       0x32 C:/ST/STM32CubeIDE_1.15.0/STM32CubeIDE/plugins/com.st.stm32cube.ide.mcu.externaltools.gnu-tools-for-stm32.12.3.rel1.win32_1.0.100.202403111256/tools/bin/../lib/gcc/arm-none-eabi/12.3.1/thumb/v7e-m+dp/hard/crtbegin.o
 .ARM.attributes
                0x00000052       0x32 ./Core/Src/fatfs_sd.o
 .ARM.attributes
                0x00000084       0x32 ./Core/Src/main.o
 .ARM.attributes
                0x000000b6       0x32 ./Core/Src/stm32h7xx_hal_msp.o
 .ARM.attributes
                0x000000e8       0x32 ./Core/Src/stm32h7xx_it.o
 .ARM.attributes
                0x0000011a       0x32 ./Core/Src/sysmem.o
 .ARM.attributes
                0x0000014c       0x32 ./Core/Src/system_stm32h7xx.o
 .ARM.attributes
                0x0000017e       0x21 ./Core/Startup/startup_stm32h7a3zitxq.o
 .ARM.attributes
                0x0000019f       0x32 ./Drivers/STM32H7xx_HAL_Driver/Src/stm32h7xx_hal.o
 .ARM.attributes
                0x000001d1       0x32 ./Drivers/STM32H7xx_HAL_Driver/Src/stm32h7xx_hal_cortex.o
 .ARM.attributes
                0x00000203       0x32 ./Drivers/STM32H7xx_HAL_Driver/Src/stm32h7xx_hal_gpio.o
 .ARM.attributes
                0x00000235       0x32 ./Drivers/STM32H7xx_HAL_Driver/Src/stm32h7xx_hal_pwr_ex.o
 .ARM.attributes
                0x00000267       0x32 ./Drivers/STM32H7xx_HAL_Driver/Src/stm32h7xx_hal_rcc.o
 .ARM.attributes
                0x00000299       0x32 ./Drivers/STM32H7xx_HAL_Driver/Src/stm32h7xx_hal_rcc_ex.o
 .ARM.attributes
                0x000002cb       0x32 ./Drivers/STM32H7xx_HAL_Driver/Src/stm32h7xx_hal_spi.o
 .ARM.attributes
                0x000002fd       0x32 ./Drivers/STM32H7xx_HAL_Driver/Src/stm32h7xx_hal_uart.o
 .ARM.attributes
                0x0000032f       0x32 ./Drivers/STM32H7xx_HAL_Driver/Src/stm32h7xx_hal_uart_ex.o
 .ARM.attributes
                0x00000361       0x32 ./FATFS/App/fatfs.o
 .ARM.attributes
                0x00000393       0x32 ./FATFS/Target/user_diskio.o
 .ARM.attributes
                0x000003c5       0x32 ./Middlewares/Third_Party/FatFs/src/diskio.o
 .ARM.attributes
                0x000003f7       0x32 ./Middlewares/Third_Party/FatFs/src/ff.o
 .ARM.attributes
                0x00000429       0x32 ./Middlewares/Third_Party/FatFs/src/ff_gen_drv.o
 .ARM.attributes
                0x0000045b       0x32 ./Middlewares/Third_Party/FatFs/src/option/ccsbcs.o
 .ARM.attributes
                0x0000048d       0x32 C:/ST/STM32CubeIDE_1.15.0/STM32CubeIDE/plugins/com.st.stm32cube.ide.mcu.externaltools.gnu-tools-for-stm32.12.3.rel1.win32_1.0.100.202403111256/tools/bin/../lib/gcc/arm-none-eabi/12.3.1/../../../../arm-none-eabi/lib/thumb/v7e-m+dp/hard\libc_nano.a(libc_a-atoi.o)
 .ARM.attributes
                0x000004bf       0x32 C:/ST/STM32CubeIDE_1.15.0/STM32CubeIDE/plugins/com.st.stm32cube.ide.mcu.externaltools.gnu-tools-for-stm32.12.3.rel1.win32_1.0.100.202403111256/tools/bin/../lib/gcc/arm-none-eabi/12.3.1/../../../../arm-none-eabi/lib/thumb/v7e-m+dp/hard\libc_nano.a(libc_a-strtol.o)
 .ARM.attributes
                0x000004f1       0x32 C:/ST/STM32CubeIDE_1.15.0/STM32CubeIDE/plugins/com.st.stm32cube.ide.mcu.externaltools.gnu-tools-for-stm32.12.3.rel1.win32_1.0.100.202403111256/tools/bin/../lib/gcc/arm-none-eabi/12.3.1/../../../../arm-none-eabi/lib/thumb/v7e-m+dp/hard\libc_nano.a(libc_a-ctype_.o)
 .ARM.attributes
                0x00000523       0x32 C:/ST/STM32CubeIDE_1.15.0/STM32CubeIDE/plugins/com.st.stm32cube.ide.mcu.externaltools.gnu-tools-for-stm32.12.3.rel1.win32_1.0.100.202403111256/tools/bin/../lib/gcc/arm-none-eabi/12.3.1/../../../../arm-none-eabi/lib/thumb/v7e-m+dp/hard\libc_nano.a(libc_a-findfp.o)
 .ARM.attributes
                0x00000555       0x32 C:/ST/STM32CubeIDE_1.15.0/STM32CubeIDE/plugins/com.st.stm32cube.ide.mcu.externaltools.gnu-tools-for-stm32.12.3.rel1.win32_1.0.100.202403111256/tools/bin/../lib/gcc/arm-none-eabi/12.3.1/../../../../arm-none-eabi/lib/thumb/v7e-m+dp/hard\libc_nano.a(libc_a-sprintf.o)
 .ARM.attributes
                0x00000587       0x32 C:/ST/STM32CubeIDE_1.15.0/STM32CubeIDE/plugins/com.st.stm32cube.ide.mcu.externaltools.gnu-tools-for-stm32.12.3.rel1.win32_1.0.100.202403111256/tools/bin/../lib/gcc/arm-none-eabi/12.3.1/../../../../arm-none-eabi/lib/thumb/v7e-m+dp/hard\libc_nano.a(libc_a-memset.o)
 .ARM.attributes
                0x000005b9       0x32 C:/ST/STM32CubeIDE_1.15.0/STM32CubeIDE/plugins/com.st.stm32cube.ide.mcu.externaltools.gnu-tools-for-stm32.12.3.rel1.win32_1.0.100.202403111256/tools/bin/../lib/gcc/arm-none-eabi/12.3.1/../../../../arm-none-eabi/lib/thumb/v7e-m+dp/hard\libc_nano.a(libc_a-reent.o)
 .ARM.attributes
                0x000005eb       0x32 C:/ST/STM32CubeIDE_1.15.0/STM32CubeIDE/plugins/com.st.stm32cube.ide.mcu.externaltools.gnu-tools-for-stm32.12.3.rel1.win32_1.0.100.202403111256/tools/bin/../lib/gcc/arm-none-eabi/12.3.1/../../../../arm-none-eabi/lib/thumb/v7e-m+dp/hard\libc_nano.a(libc_a-impure.o)
 .ARM.attributes
                0x0000061d       0x32 C:/ST/STM32CubeIDE_1.15.0/STM32CubeIDE/plugins/com.st.stm32cube.ide.mcu.externaltools.gnu-tools-for-stm32.12.3.rel1.win32_1.0.100.202403111256/tools/bin/../lib/gcc/arm-none-eabi/12.3.1/../../../../arm-none-eabi/lib/thumb/v7e-m+dp/hard\libc_nano.a(libc_a-errno.o)
 .ARM.attributes
                0x0000064f       0x32 C:/ST/STM32CubeIDE_1.15.0/STM32CubeIDE/plugins/com.st.stm32cube.ide.mcu.externaltools.gnu-tools-for-stm32.12.3.rel1.win32_1.0.100.202403111256/tools/bin/../lib/gcc/arm-none-eabi/12.3.1/../../../../arm-none-eabi/lib/thumb/v7e-m+dp/hard\libc_nano.a(libc_a-init.o)
 .ARM.attributes
                0x00000681       0x32 C:/ST/STM32CubeIDE_1.15.0/STM32CubeIDE/plugins/com.st.stm32cube.ide.mcu.externaltools.gnu-tools-for-stm32.12.3.rel1.win32_1.0.100.202403111256/tools/bin/../lib/gcc/arm-none-eabi/12.3.1/../../../../arm-none-eabi/lib/thumb/v7e-m+dp/hard\libc_nano.a(libc_a-lock.o)
 .ARM.attributes
                0x000006b3       0x17 C:/ST/STM32CubeIDE_1.15.0/STM32CubeIDE/plugins/com.st.stm32cube.ide.mcu.externaltools.gnu-tools-for-stm32.12.3.rel1.win32_1.0.100.202403111256/tools/bin/../lib/gcc/arm-none-eabi/12.3.1/../../../../arm-none-eabi/lib/thumb/v7e-m+dp/hard\libc_nano.a(libc_a-strlen.o)
 .ARM.attributes
                0x000006ca       0x32 C:/ST/STM32CubeIDE_1.15.0/STM32CubeIDE/plugins/com.st.stm32cube.ide.mcu.externaltools.gnu-tools-for-stm32.12.3.rel1.win32_1.0.100.202403111256/tools/bin/../lib/gcc/arm-none-eabi/12.3.1/../../../../arm-none-eabi/lib/thumb/v7e-m+dp/hard\libc_nano.a(libc_a-freer.o)
 .ARM.attributes
                0x000006fc       0x32 C:/ST/STM32CubeIDE_1.15.0/STM32CubeIDE/plugins/com.st.stm32cube.ide.mcu.externaltools.gnu-tools-for-stm32.12.3.rel1.win32_1.0.100.202403111256/tools/bin/../lib/gcc/arm-none-eabi/12.3.1/../../../../arm-none-eabi/lib/thumb/v7e-m+dp/hard\libc_nano.a(libc_a-mallocr.o)
 .ARM.attributes
                0x0000072e       0x32 C:/ST/STM32CubeIDE_1.15.0/STM32CubeIDE/plugins/com.st.stm32cube.ide.mcu.externaltools.gnu-tools-for-stm32.12.3.rel1.win32_1.0.100.202403111256/tools/bin/../lib/gcc/arm-none-eabi/12.3.1/../../../../arm-none-eabi/lib/thumb/v7e-m+dp/hard\libc_nano.a(libc_a-mlock.o)
 .ARM.attributes
                0x00000760       0x32 C:/ST/STM32CubeIDE_1.15.0/STM32CubeIDE/plugins/com.st.stm32cube.ide.mcu.externaltools.gnu-tools-for-stm32.12.3.rel1.win32_1.0.100.202403111256/tools/bin/../lib/gcc/arm-none-eabi/12.3.1/../../../../arm-none-eabi/lib/thumb/v7e-m+dp/hard\libc_nano.a(libc_a-nano-svfprintf.o)
 .ARM.attributes
                0x00000792       0x32 C:/ST/STM32CubeIDE_1.15.0/STM32CubeIDE/plugins/com.st.stm32cube.ide.mcu.externaltools.gnu-tools-for-stm32.12.3.rel1.win32_1.0.100.202403111256/tools/bin/../lib/gcc/arm-none-eabi/12.3.1/../../../../arm-none-eabi/lib/thumb/v7e-m+dp/hard\libc_nano.a(libc_a-nano-vfprintf_i.o)
 .ARM.attributes
                0x000007c4       0x32 C:/ST/STM32CubeIDE_1.15.0/STM32CubeIDE/plugins/com.st.stm32cube.ide.mcu.externaltools.gnu-tools-for-stm32.12.3.rel1.win32_1.0.100.202403111256/tools/bin/../lib/gcc/arm-none-eabi/12.3.1/../../../../arm-none-eabi/lib/thumb/v7e-m+dp/hard\libc_nano.a(libc_a-memmove.o)
 .ARM.attributes
                0x000007f6       0x32 C:/ST/STM32CubeIDE_1.15.0/STM32CubeIDE/plugins/com.st.stm32cube.ide.mcu.externaltools.gnu-tools-for-stm32.12.3.rel1.win32_1.0.100.202403111256/tools/bin/../lib/gcc/arm-none-eabi/12.3.1/../../../../arm-none-eabi/lib/thumb/v7e-m+dp/hard\libc_nano.a(libc_a-sbrkr.o)
 .ARM.attributes
                0x00000828       0x1c C:/ST/STM32CubeIDE_1.15.0/STM32CubeIDE/plugins/com.st.stm32cube.ide.mcu.externaltools.gnu-tools-for-stm32.12.3.rel1.win32_1.0.100.202403111256/tools/bin/../lib/gcc/arm-none-eabi/12.3.1/../../../../arm-none-eabi/lib/thumb/v7e-m+dp/hard\libc_nano.a(libc_a-memchr.o)
 .ARM.attributes
                0x00000844       0x32 C:/ST/STM32CubeIDE_1.15.0/STM32CubeIDE/plugins/com.st.stm32cube.ide.mcu.externaltools.gnu-tools-for-stm32.12.3.rel1.win32_1.0.100.202403111256/tools/bin/../lib/gcc/arm-none-eabi/12.3.1/../../../../arm-none-eabi/lib/thumb/v7e-m+dp/hard\libc_nano.a(libc_a-memcpy-stub.o)
 .ARM.attributes
                0x00000876       0x32 C:/ST/STM32CubeIDE_1.15.0/STM32CubeIDE/plugins/com.st.stm32cube.ide.mcu.externaltools.gnu-tools-for-stm32.12.3.rel1.win32_1.0.100.202403111256/tools/bin/../lib/gcc/arm-none-eabi/12.3.1/../../../../arm-none-eabi/lib/thumb/v7e-m+dp/hard\libc_nano.a(libc_a-reallocr.o)
 .ARM.attributes
                0x000008a8       0x32 C:/ST/STM32CubeIDE_1.15.0/STM32CubeIDE/plugins/com.st.stm32cube.ide.mcu.externaltools.gnu-tools-for-stm32.12.3.rel1.win32_1.0.100.202403111256/tools/bin/../lib/gcc/arm-none-eabi/12.3.1/../../../../arm-none-eabi/lib/thumb/v7e-m+dp/hard\libc_nano.a(libc_a-msizer.o)
 .ARM.attributes
                0x000008da       0x20 C:/ST/STM32CubeIDE_1.15.0/STM32CubeIDE/plugins/com.st.stm32cube.ide.mcu.externaltools.gnu-tools-for-stm32.12.3.rel1.win32_1.0.100.202403111256/tools/bin/../lib/gcc/arm-none-eabi/12.3.1/thumb/v7e-m+dp/hard\libgcc.a(_aeabi_uldivmod.o)
 .ARM.attributes
                0x000008fa       0x32 C:/ST/STM32CubeIDE_1.15.0/STM32CubeIDE/plugins/com.st.stm32cube.ide.mcu.externaltools.gnu-tools-for-stm32.12.3.rel1.win32_1.0.100.202403111256/tools/bin/../lib/gcc/arm-none-eabi/12.3.1/thumb/v7e-m+dp/hard\libgcc.a(_udivmoddi4.o)
 .ARM.attributes
                0x0000092c       0x20 C:/ST/STM32CubeIDE_1.15.0/STM32CubeIDE/plugins/com.st.stm32cube.ide.mcu.externaltools.gnu-tools-for-stm32.12.3.rel1.win32_1.0.100.202403111256/tools/bin/../lib/gcc/arm-none-eabi/12.3.1/thumb/v7e-m+dp/hard\libgcc.a(_dvmd_tls.o)
 .ARM.attributes
                0x0000094c       0x20 C:/ST/STM32CubeIDE_1.15.0/STM32CubeIDE/plugins/com.st.stm32cube.ide.mcu.externaltools.gnu-tools-for-stm32.12.3.rel1.win32_1.0.100.202403111256/tools/bin/../lib/gcc/arm-none-eabi/12.3.1/thumb/v7e-m+dp/hard/crtn.o
OUTPUT(NUCLEO-H7_SDCard.elf elf32-littlearm)
LOAD linker stubs
LOAD C:/ST/STM32CubeIDE_1.15.0/STM32CubeIDE/plugins/com.st.stm32cube.ide.mcu.externaltools.gnu-tools-for-stm32.12.3.rel1.win32_1.0.100.202403111256/tools/bin/../lib/gcc/arm-none-eabi/12.3.1/../../../../arm-none-eabi/lib/thumb/v7e-m+dp/hard\libc.a
LOAD C:/ST/STM32CubeIDE_1.15.0/STM32CubeIDE/plugins/com.st.stm32cube.ide.mcu.externaltools.gnu-tools-for-stm32.12.3.rel1.win32_1.0.100.202403111256/tools/bin/../lib/gcc/arm-none-eabi/12.3.1/../../../../arm-none-eabi/lib/thumb/v7e-m+dp/hard\libm.a
LOAD C:/ST/STM32CubeIDE_1.15.0/STM32CubeIDE/plugins/com.st.stm32cube.ide.mcu.externaltools.gnu-tools-for-stm32.12.3.rel1.win32_1.0.100.202403111256/tools/bin/../lib/gcc/arm-none-eabi/12.3.1/thumb/v7e-m+dp/hard\libgcc.a

.debug_info     0x00000000    0x15eec
 .debug_info    0x00000000      0xe13 ./Core/Src/fatfs_sd.o
 .debug_info    0x00000e13     0x2035 ./Core/Src/main.o
 .debug_info    0x00002e48     0x1492 ./Core/Src/stm32h7xx_hal_msp.o
 .debug_info    0x000042da      0x18c ./Core/Src/stm32h7xx_it.o
 .debug_info    0x00004466      0x168 ./Core/Src/sysmem.o
 .debug_info    0x000045ce      0xc73 ./Core/Src/system_stm32h7xx.o
 .debug_info    0x00005241       0x30 ./Core/Startup/startup_stm32h7a3zitxq.o
 .debug_info    0x00005271     0x13f1 ./Drivers/STM32H7xx_HAL_Driver/Src/stm32h7xx_hal.o
 .debug_info    0x00006662     0x108e ./Drivers/STM32H7xx_HAL_Driver/Src/stm32h7xx_hal_cortex.o
 .debug_info    0x000076f0      0xb2b ./Drivers/STM32H7xx_HAL_Driver/Src/stm32h7xx_hal_gpio.o
 .debug_info    0x0000821b      0xef7 ./Drivers/STM32H7xx_HAL_Driver/Src/stm32h7xx_hal_pwr_ex.o
 .debug_info    0x00009112      0xea1 ./Drivers/STM32H7xx_HAL_Driver/Src/stm32h7xx_hal_rcc.o
 .debug_info    0x00009fb3     0x11fd ./Drivers/STM32H7xx_HAL_Driver/Src/stm32h7xx_hal_rcc_ex.o
 .debug_info    0x0000b1b0     0x1440 ./Drivers/STM32H7xx_HAL_Driver/Src/stm32h7xx_hal_spi.o
 .debug_info    0x0000c5f0     0x4b32 ./Drivers/STM32H7xx_HAL_Driver/Src/stm32h7xx_hal_uart.o
 .debug_info    0x00011122      0xfbf ./Drivers/STM32H7xx_HAL_Driver/Src/stm32h7xx_hal_uart_ex.o
 .debug_info    0x000120e1      0x565 ./FATFS/App/fatfs.o
 .debug_info    0x00012646      0x3b3 ./FATFS/Target/user_diskio.o
 .debug_info    0x000129f9      0x3ed ./Middlewares/Third_Party/FatFs/src/diskio.o
 .debug_info    0x00012de6     0x2bb2 ./Middlewares/Third_Party/FatFs/src/ff.o
 .debug_info    0x00015998      0x38d ./Middlewares/Third_Party/FatFs/src/ff_gen_drv.o
 .debug_info    0x00015d25      0x1c7 ./Middlewares/Third_Party/FatFs/src/option/ccsbcs.o

.debug_abbrev   0x00000000     0x2d39
 .debug_abbrev  0x00000000      0x2eb ./Core/Src/fatfs_sd.o
 .debug_abbrev  0x000002eb      0x39f ./Core/Src/main.o
 .debug_abbrev  0x0000068a      0x217 ./Core/Src/stm32h7xx_hal_msp.o
 .debug_abbrev  0x000008a1       0xb6 ./Core/Src/stm32h7xx_it.o
 .debug_abbrev  0x00000957       0xbc ./Core/Src/sysmem.o
 .debug_abbrev  0x00000a13      0x14a ./Core/Src/system_stm32h7xx.o
 .debug_abbrev  0x00000b5d       0x24 ./Core/Startup/startup_stm32h7a3zitxq.o
 .debug_abbrev  0x00000b81      0x291 ./Drivers/STM32H7xx_HAL_Driver/Src/stm32h7xx_hal.o
 .debug_abbrev  0x00000e12      0x339 ./Drivers/STM32H7xx_HAL_Driver/Src/stm32h7xx_hal_cortex.o
 .debug_abbrev  0x0000114b      0x1fa ./Drivers/STM32H7xx_HAL_Driver/Src/stm32h7xx_hal_gpio.o
 .debug_abbrev  0x00001345      0x297 ./Drivers/STM32H7xx_HAL_Driver/Src/stm32h7xx_hal_pwr_ex.o
 .debug_abbrev  0x000015dc      0x2c5 ./Drivers/STM32H7xx_HAL_Driver/Src/stm32h7xx_hal_rcc.o
 .debug_abbrev  0x000018a1      0x27a ./Drivers/STM32H7xx_HAL_Driver/Src/stm32h7xx_hal_rcc_ex.o
 .debug_abbrev  0x00001b1b      0x2b1 ./Drivers/STM32H7xx_HAL_Driver/Src/stm32h7xx_hal_spi.o
 .debug_abbrev  0x00001dcc      0x34e ./Drivers/STM32H7xx_HAL_Driver/Src/stm32h7xx_hal_uart.o
 .debug_abbrev  0x0000211a      0x2d2 ./Drivers/STM32H7xx_HAL_Driver/Src/stm32h7xx_hal_uart_ex.o
 .debug_abbrev  0x000023ec      0x15d ./FATFS/App/fatfs.o
 .debug_abbrev  0x00002549      0x15c ./FATFS/Target/user_diskio.o
 .debug_abbrev  0x000026a5      0x181 ./Middlewares/Third_Party/FatFs/src/diskio.o
 .debug_abbrev  0x00002826      0x296 ./Middlewares/Third_Party/FatFs/src/ff.o
 .debug_abbrev  0x00002abc      0x19f ./Middlewares/Third_Party/FatFs/src/ff_gen_drv.o
 .debug_abbrev  0x00002c5b       0xde ./Middlewares/Third_Party/FatFs/src/option/ccsbcs.o

.debug_aranges  0x00000000     0x1078
 .debug_aranges
                0x00000000       0xa8 ./Core/Src/fatfs_sd.o
 .debug_aranges
                0x000000a8       0x60 ./Core/Src/main.o
 .debug_aranges
                0x00000108       0x40 ./Core/Src/stm32h7xx_hal_msp.o
 .debug_aranges
                0x00000148       0x70 ./Core/Src/stm32h7xx_it.o
 .debug_aranges
                0x000001b8       0x20 ./Core/Src/sysmem.o
 .debug_aranges
                0x000001d8       0x28 ./Core/Src/system_stm32h7xx.o
 .debug_aranges
                0x00000200       0x28 ./Core/Startup/startup_stm32h7a3zitxq.o
 .debug_aranges
                0x00000228      0x1a0 ./Drivers/STM32H7xx_HAL_Driver/Src/stm32h7xx_hal.o
 .debug_aranges
                0x000003c8      0x130 ./Drivers/STM32H7xx_HAL_Driver/Src/stm32h7xx_hal_cortex.o
 .debug_aranges
                0x000004f8       0x58 ./Drivers/STM32H7xx_HAL_Driver/Src/stm32h7xx_hal_gpio.o
 .debug_aranges
                0x00000550      0x188 ./Drivers/STM32H7xx_HAL_Driver/Src/stm32h7xx_hal_pwr_ex.o
 .debug_aranges
                0x000006d8       0x88 ./Drivers/STM32H7xx_HAL_Driver/Src/stm32h7xx_hal_rcc.o
 .debug_aranges
                0x00000760       0xf0 ./Drivers/STM32H7xx_HAL_Driver/Src/stm32h7xx_hal_rcc_ex.o
 .debug_aranges
                0x00000850      0x1a8 ./Drivers/STM32H7xx_HAL_Driver/Src/stm32h7xx_hal_spi.o
 .debug_aranges
                0x000009f8      0x248 ./Drivers/STM32H7xx_HAL_Driver/Src/stm32h7xx_hal_uart.o
 .debug_aranges
                0x00000c40       0xa8 ./Drivers/STM32H7xx_HAL_Driver/Src/stm32h7xx_hal_uart_ex.o
 .debug_aranges
                0x00000ce8       0x28 ./FATFS/App/fatfs.o
 .debug_aranges
                0x00000d10       0x40 ./FATFS/Target/user_diskio.o
 .debug_aranges
                0x00000d50       0x48 ./Middlewares/Third_Party/FatFs/src/diskio.o
 .debug_aranges
                0x00000d98      0x278 ./Middlewares/Third_Party/FatFs/src/ff.o
 .debug_aranges
                0x00001010       0x40 ./Middlewares/Third_Party/FatFs/src/ff_gen_drv.o
 .debug_aranges
                0x00001050       0x28 ./Middlewares/Third_Party/FatFs/src/option/ccsbcs.o

.debug_rnglists
                0x00000000      0xcc9
 .debug_rnglists
                0x00000000       0x80 ./Core/Src/fatfs_sd.o
 .debug_rnglists
                0x00000080       0x4a ./Core/Src/main.o
 .debug_rnglists
                0x000000ca       0x2d ./Core/Src/stm32h7xx_hal_msp.o
 .debug_rnglists
                0x000000f7       0x4f ./Core/Src/stm32h7xx_it.o
 .debug_rnglists
                0x00000146       0x13 ./Core/Src/sysmem.o
 .debug_rnglists
                0x00000159       0x1b ./Core/Src/system_stm32h7xx.o
 .debug_rnglists
                0x00000174       0x19 ./Core/Startup/startup_stm32h7a3zitxq.o
 .debug_rnglists
                0x0000018d      0x137 ./Drivers/STM32H7xx_HAL_Driver/Src/stm32h7xx_hal.o
 .debug_rnglists
                0x000002c4       0xe0 ./Drivers/STM32H7xx_HAL_Driver/Src/stm32h7xx_hal_cortex.o
 .debug_rnglists
                0x000003a4       0x3f ./Drivers/STM32H7xx_HAL_Driver/Src/stm32h7xx_hal_gpio.o
 .debug_rnglists
                0x000003e3      0x127 ./Drivers/STM32H7xx_HAL_Driver/Src/stm32h7xx_hal_pwr_ex.o
 .debug_rnglists
                0x0000050a       0x68 ./Drivers/STM32H7xx_HAL_Driver/Src/stm32h7xx_hal_rcc.o
 .debug_rnglists
                0x00000572       0xba ./Drivers/STM32H7xx_HAL_Driver/Src/stm32h7xx_hal_rcc_ex.o
 .debug_rnglists
                0x0000062c      0x148 ./Drivers/STM32H7xx_HAL_Driver/Src/stm32h7xx_hal_spi.o
 .debug_rnglists
                0x00000774      0x1fa ./Drivers/STM32H7xx_HAL_Driver/Src/stm32h7xx_hal_uart.o
 .debug_rnglists
                0x0000096e       0x7f ./Drivers/STM32H7xx_HAL_Driver/Src/stm32h7xx_hal_uart_ex.o
 .debug_rnglists
                0x000009ed       0x19 ./FATFS/App/fatfs.o
 .debug_rnglists
                0x00000a06       0x2b ./FATFS/Target/user_diskio.o
 .debug_rnglists
                0x00000a31       0x31 ./Middlewares/Third_Party/FatFs/src/diskio.o
 .debug_rnglists
                0x00000a62      0x221 ./Middlewares/Third_Party/FatFs/src/ff.o
 .debug_rnglists
                0x00000c83       0x2c ./Middlewares/Third_Party/FatFs/src/ff_gen_drv.o
 .debug_rnglists
                0x00000caf       0x1a ./Middlewares/Third_Party/FatFs/src/option/ccsbcs.o

.debug_macro    0x00000000    0x31f2d
 .debug_macro   0x00000000      0x2e1 ./Core/Src/fatfs_sd.o
 .debug_macro   0x000002e1      0xacc ./Core/Src/fatfs_sd.o
 .debug_macro   0x00000dad      0x238 ./Core/Src/fatfs_sd.o
 .debug_macro   0x00000fe5       0x2e ./Core/Src/fatfs_sd.o
 .debug_macro   0x00001013       0x42 ./Core/Src/fatfs_sd.o
 .debug_macro   0x00001055       0x22 ./Core/Src/fatfs_sd.o
 .debug_macro   0x00001077       0x8e ./Core/Src/fatfs_sd.o
 .debug_macro   0x00001105       0x51 ./Core/Src/fatfs_sd.o
 .debug_macro   0x00001156      0x103 ./Core/Src/fatfs_sd.o
 .debug_macro   0x00001259       0x6a ./Core/Src/fatfs_sd.o
 .debug_macro   0x000012c3      0x1df ./Core/Src/fatfs_sd.o
 .debug_macro   0x000014a2       0x1c ./Core/Src/fatfs_sd.o
 .debug_macro   0x000014be       0x22 ./Core/Src/fatfs_sd.o
 .debug_macro   0x000014e0       0xfb ./Core/Src/fatfs_sd.o
 .debug_macro   0x000015db     0x1305 ./Core/Src/fatfs_sd.o
 .debug_macro   0x000028e0      0x11f ./Core/Src/fatfs_sd.o
 .debug_macro   0x000029ff       0x27 ./Core/Src/fatfs_sd.o
 .debug_macro   0x00002a26    0x1e941 ./Core/Src/fatfs_sd.o
 .debug_macro   0x00021367       0x6d ./Core/Src/fatfs_sd.o
 .debug_macro   0x000213d4     0x3d80 ./Core/Src/fatfs_sd.o
 .debug_macro   0x00025154      0x189 ./Core/Src/fatfs_sd.o
 .debug_macro   0x000252dd       0x61 ./Core/Src/fatfs_sd.o
 .debug_macro   0x0002533e       0x29 ./Core/Src/fatfs_sd.o
 .debug_macro   0x00025367       0x43 ./Core/Src/fatfs_sd.o
 .debug_macro   0x000253aa       0x34 ./Core/Src/fatfs_sd.o
 .debug_macro   0x000253de       0x16 ./Core/Src/fatfs_sd.o
 .debug_macro   0x000253f4       0x43 ./Core/Src/fatfs_sd.o
 .debug_macro   0x00025437       0x34 ./Core/Src/fatfs_sd.o
 .debug_macro   0x0002546b       0x10 ./Core/Src/fatfs_sd.o
 .debug_macro   0x0002547b       0x58 ./Core/Src/fatfs_sd.o
 .debug_macro   0x000254d3       0x8e ./Core/Src/fatfs_sd.o
 .debug_macro   0x00025561       0x1c ./Core/Src/fatfs_sd.o
 .debug_macro   0x0002557d      0x177 ./Core/Src/fatfs_sd.o
 .debug_macro   0x000256f4      0x369 ./Core/Src/fatfs_sd.o
 .debug_macro   0x00025a5d      0x19b ./Core/Src/fatfs_sd.o
 .debug_macro   0x00025bf8       0x5d ./Core/Src/fatfs_sd.o
 .debug_macro   0x00025c55     0x24ee ./Core/Src/fatfs_sd.o
 .debug_macro   0x00028143     0x103a ./Core/Src/fatfs_sd.o
 .debug_macro   0x0002917d      0x154 ./Core/Src/fatfs_sd.o
 .debug_macro   0x000292d1      0x114 ./Core/Src/fatfs_sd.o
 .debug_macro   0x000293e5      0x3d5 ./Core/Src/fatfs_sd.o
 .debug_macro   0x000297ba       0xac ./Core/Src/fatfs_sd.o
 .debug_macro   0x00029866      0x70a ./Core/Src/fatfs_sd.o
 .debug_macro   0x00029f70      0x20c ./Core/Src/fatfs_sd.o
 .debug_macro   0x0002a17c       0x66 ./Core/Src/fatfs_sd.o
 .debug_macro   0x0002a1e2      0x3c9 ./Core/Src/fatfs_sd.o
 .debug_macro   0x0002a5ab      0x3eb ./Core/Src/fatfs_sd.o
 .debug_macro   0x0002a996      0x275 ./Core/Src/fatfs_sd.o
 .debug_macro   0x0002ac0b      0x6c8 ./Core/Src/fatfs_sd.o
 .debug_macro   0x0002b2d3      0x520 ./Core/Src/fatfs_sd.o
 .debug_macro   0x0002b7f3       0x58 ./Core/Src/fatfs_sd.o
 .debug_macro   0x0002b84b       0x4a ./Core/Src/fatfs_sd.o
 .debug_macro   0x0002b895      0x22c ./Core/Src/fatfs_sd.o
 .debug_macro   0x0002bac1       0x67 ./Core/Src/fatfs_sd.o
 .debug_macro   0x0002bb28       0xa5 ./Core/Src/fatfs_sd.o
 .debug_macro   0x0002bbcd      0x1bd ./Core/Src/fatfs_sd.o
 .debug_macro   0x0002bd8a      0x2dc ./Core/Src/fatfs_sd.o
 .debug_macro   0x0002c066       0x35 ./Core/Src/fatfs_sd.o
 .debug_macro   0x0002c09b      0x5e4 ./Core/Src/fatfs_sd.o
 .debug_macro   0x0002c67f       0xc1 ./Core/Src/fatfs_sd.o
 .debug_macro   0x0002c740      0x693 ./Core/Src/fatfs_sd.o
 .debug_macro   0x0002cdd3       0xa6 ./Core/Src/fatfs_sd.o
 .debug_macro   0x0002ce79      0x5be ./Core/Src/fatfs_sd.o
 .debug_macro   0x0002d437       0x16 ./Core/Src/fatfs_sd.o
 .debug_macro   0x0002d44d       0x7c ./Core/Src/fatfs_sd.o
 .debug_macro   0x0002d4c9       0x9a ./Core/Src/fatfs_sd.o
 .debug_macro   0x0002d563      0x468 ./Core/Src/main.o
 .debug_macro   0x0002d9cb       0xbe ./Core/Src/main.o
 .debug_macro   0x0002da89       0xeb ./Core/Src/main.o
 .debug_macro   0x0002db74       0x16 ./Core/Src/main.o
 .debug_macro   0x0002db8a       0x35 ./Core/Src/main.o
 .debug_macro   0x0002dbbf       0x16 ./Core/Src/main.o
 .debug_macro   0x0002dbd5       0x29 ./Core/Src/main.o
 .debug_macro   0x0002dbfe       0x12 ./Core/Src/main.o
 .debug_macro   0x0002dc10       0xe2 ./Core/Src/main.o
 .debug_macro   0x0002dcf2       0x8e ./Core/Src/main.o
 .debug_macro   0x0002dd80       0x16 ./Core/Src/main.o
 .debug_macro   0x0002dd96       0x20 ./Core/Src/main.o
 .debug_macro   0x0002ddb6       0x1c ./Core/Src/main.o
 .debug_macro   0x0002ddd2       0x10 ./Core/Src/main.o
 .debug_macro   0x0002dde2       0x1c ./Core/Src/main.o
 .debug_macro   0x0002ddfe       0x16 ./Core/Src/main.o
 .debug_macro   0x0002de14      0x146 ./Core/Src/main.o
 .debug_macro   0x0002df5a       0x16 ./Core/Src/main.o
 .debug_macro   0x0002df70       0x10 ./Core/Src/main.o
 .debug_macro   0x0002df80       0x10 ./Core/Src/main.o
 .debug_macro   0x0002df90       0x10 ./Core/Src/main.o
 .debug_macro   0x0002dfa0       0x1c ./Core/Src/main.o
 .debug_macro   0x0002dfbc       0x52 ./Core/Src/main.o
 .debug_macro   0x0002e00e       0x22 ./Core/Src/main.o
 .debug_macro   0x0002e030       0x10 ./Core/Src/main.o
 .debug_macro   0x0002e040       0x52 ./Core/Src/main.o
 .debug_macro   0x0002e092       0xc1 ./Core/Src/main.o
 .debug_macro   0x0002e153       0x1c ./Core/Src/main.o
 .debug_macro   0x0002e16f       0x3d ./Core/Src/main.o
 .debug_macro   0x0002e1ac       0x35 ./Core/Src/main.o
 .debug_macro   0x0002e1e1      0x2bd ./Core/Src/stm32h7xx_hal_msp.o
 .debug_macro   0x0002e49e      0x2c7 ./Core/Src/stm32h7xx_it.o
 .debug_macro   0x0002e765       0xff ./Core/Src/sysmem.o
 .debug_macro   0x0002e864      0x23c ./Core/Src/sysmem.o
 .debug_macro   0x0002eaa0      0x2ae ./Core/Src/system_stm32h7xx.o
 .debug_macro   0x0002ed4e      0x2d8 ./Drivers/STM32H7xx_HAL_Driver/Src/stm32h7xx_hal.o
 .debug_macro   0x0002f026      0x2ae ./Drivers/STM32H7xx_HAL_Driver/Src/stm32h7xx_hal_cortex.o
 .debug_macro   0x0002f2d4      0x2b5 ./Drivers/STM32H7xx_HAL_Driver/Src/stm32h7xx_hal_gpio.o
 .debug_macro   0x0002f589      0x2e7 ./Drivers/STM32H7xx_HAL_Driver/Src/stm32h7xx_hal_pwr_ex.o
 .debug_macro   0x0002f870      0x2d2 ./Drivers/STM32H7xx_HAL_Driver/Src/stm32h7xx_hal_rcc.o
 .debug_macro   0x0002fb42      0x2cc ./Drivers/STM32H7xx_HAL_Driver/Src/stm32h7xx_hal_rcc_ex.o
 .debug_macro   0x0002fe0e      0x2b6 ./Drivers/STM32H7xx_HAL_Driver/Src/stm32h7xx_hal_spi.o
 .debug_macro   0x000300c4      0x2d9 ./Drivers/STM32H7xx_HAL_Driver/Src/stm32h7xx_hal_uart.o
 .debug_macro   0x0003039d      0x2ba ./Drivers/STM32H7xx_HAL_Driver/Src/stm32h7xx_hal_uart_ex.o
 .debug_macro   0x00030657      0x34a ./FATFS/App/fatfs.o
 .debug_macro   0x000309a1       0xe5 ./FATFS/App/fatfs.o
 .debug_macro   0x00030a86      0x367 ./FATFS/Target/user_diskio.o
 .debug_macro   0x00030ded       0x10 ./FATFS/Target/user_diskio.o
 .debug_macro   0x00030dfd      0x337 ./Middlewares/Third_Party/FatFs/src/diskio.o
 .debug_macro   0x00031134      0x745 ./Middlewares/Third_Party/FatFs/src/ff.o
 .debug_macro   0x00031879       0x58 ./Middlewares/Third_Party/FatFs/src/ff.o
 .debug_macro   0x000318d1      0x337 ./Middlewares/Third_Party/FatFs/src/ff_gen_drv.o
 .debug_macro   0x00031c08      0x325 ./Middlewares/Third_Party/FatFs/src/option/ccsbcs.o

.debug_line     0x00000000    0x1a2b2
 .debug_line    0x00000000      0xff8 ./Core/Src/fatfs_sd.o
 .debug_line    0x00000ff8      0xe91 ./Core/Src/main.o
 .debug_line    0x00001e89      0x9a4 ./Core/Src/stm32h7xx_hal_msp.o
 .debug_line    0x0000282d      0x9eb ./Core/Src/stm32h7xx_it.o
 .debug_line    0x00003218      0x583 ./Core/Src/sysmem.o
 .debug_line    0x0000379b      0xa96 ./Core/Src/system_stm32h7xx.o
 .debug_line    0x00004231       0x7a ./Core/Startup/startup_stm32h7a3zitxq.o
 .debug_line    0x000042ab      0xea3 ./Drivers/STM32H7xx_HAL_Driver/Src/stm32h7xx_hal.o
 .debug_line    0x0000514e      0xec5 ./Drivers/STM32H7xx_HAL_Driver/Src/stm32h7xx_hal_cortex.o
 .debug_line    0x00006013      0xd6e ./Drivers/STM32H7xx_HAL_Driver/Src/stm32h7xx_hal_gpio.o
 .debug_line    0x00006d81     0x102d ./Drivers/STM32H7xx_HAL_Driver/Src/stm32h7xx_hal_pwr_ex.o
 .debug_line    0x00007dae     0x13f1 ./Drivers/STM32H7xx_HAL_Driver/Src/stm32h7xx_hal_rcc.o
 .debug_line    0x0000919f     0x1c8a ./Drivers/STM32H7xx_HAL_Driver/Src/stm32h7xx_hal_rcc_ex.o
 .debug_line    0x0000ae29     0x23b6 ./Drivers/STM32H7xx_HAL_Driver/Src/stm32h7xx_hal_spi.o
 .debug_line    0x0000d1df     0x3f83 ./Drivers/STM32H7xx_HAL_Driver/Src/stm32h7xx_hal_uart.o
 .debug_line    0x00011162      0xf34 ./Drivers/STM32H7xx_HAL_Driver/Src/stm32h7xx_hal_uart_ex.o
 .debug_line    0x00012096      0x9a5 ./FATFS/App/fatfs.o
 .debug_line    0x00012a3b      0x9fb ./FATFS/Target/user_diskio.o
 .debug_line    0x00013436      0xa17 ./Middlewares/Third_Party/FatFs/src/diskio.o
 .debug_line    0x00013e4d     0x4fbf ./Middlewares/Third_Party/FatFs/src/ff.o
 .debug_line    0x00018e0c      0xa32 ./Middlewares/Third_Party/FatFs/src/ff_gen_drv.o
 .debug_line    0x0001983e      0xa74 ./Middlewares/Third_Party/FatFs/src/option/ccsbcs.o

.debug_str      0x00000000   0x139fc6
 .debug_str     0x00000000   0x13274e ./Core/Src/fatfs_sd.o
                             0x132c6f (size before relaxing)
 .debug_str     0x0013274e     0x2af9 ./Core/Src/main.o
                             0x13570e (size before relaxing)
 .debug_str     0x00135247      0x399 ./Core/Src/stm32h7xx_hal_msp.o
                             0x1332ca (size before relaxing)
 .debug_str     0x001355e0      0x121 ./Core/Src/stm32h7xx_it.o
                             0x132501 (size before relaxing)